]0;~/Documents/columbia/S2019/Computing/project/Optimization[?1034hChristians-MacBook-Pro-2:Optimization christianpascual$ git status
On branch master
Your branch is up to date with 'origin/master'.

Changes not staged for commit:
  (use "git add/rm <file>..." to update what will be committed)
  (use "git checkout -- <file>..." to discard changes in working directory)

	[31mmodified:   .Rproj.user/F2A0B8DA/console06/INDEX001[m
	[31mmodified:   .Rproj.user/F2A0B8DA/sources/prop/INDEX[m
	[31mdeleted:    .Rproj.user/F2A0B8DA/sources/s-797CBE40/4EF907E7[m
	[31mmodified:   .Rproj.user/shared/notebooks/paths[m

Untracked files:
  (use "git add <file>..." to include in what will be committed)

	[31m.Rproj.user/F2A0B8DA/console06/294E80A7[m
	[31m.Rproj.user/F2A0B8DA/sources/prop/FE8A1599[m
	[31m.Rproj.user/F2A0B8DA/sources/s-797CBE40/7275362B[m
	[31m.Rproj.user/F2A0B8DA/sources/s-797CBE40/7275362B-contents[m
	[31m.Rproj.user/F2A0B8DA/sources/s-797CBE40/C66A2B07-contents[m
	[31m.Rproj.user/F2A0B8DA/sources/s-797CBE40/E321444[m
	[31m.Rproj.user/F2A0B8DA/sources/s-797CBE40/E321444-contents[m
	[31m.Rproj.user/shared/notebooks/D081DE1B-logistic-lasso/[m
	[31mlogistic-lasso.Rmd[m

no changes added to commit (use "git add" and/or "git commit -a")
]0;~/Documents/columbia/S2019/Computing/project/OptimizationChristians-MacBook-Pro-2:Optimization christianpascual$ git pull
Enter passphrase for key '/Users/christianpascual/.ssh/id_rsa': 
remote: Enumerating objects: 5, done.[K
remote: Counting objects:  20% (1/5)   [Kremote: Counting objects:  40% (2/5)   [Kremote: Counting objects:  60% (3/5)   [Kremote: Counting objects:  80% (4/5)   [Kremote: Counting objects: 100% (5/5)   [Kremote: Counting objects: 100% (5/5), done.[K
remote: Compressing objects: 100% (1/1)   [Kremote: Compressing objects: 100% (1/1), done.[K
remote: Total 3 (delta 2), reused 3 (delta 2), pack-reused 0[K
Unpacking objects:  33% (1/3)   Unpacking objects:  66% (2/3)   Unpacking objects: 100% (3/3)   Unpacking objects: 100% (3/3), done.
From github.com:thecbp/P8160_optimization_project
   f4defd0..38b775c  master     -> origin/master
Updating f4defd0..38b775c
Fast-forward
 Group Project 2.Rmd | 4 [32m+++[m[31m-[m
 1 file changed, 3 insertions(+), 1 deletion(-)
]0;~/Documents/columbia/S2019/Computing/project/OptimizationChristians-MacBook-Pro-2:Optimization christianpascual$ git add .
]0;~/Documents/columbia/S2019/Computing/project/OptimizationChristians-MacBook-Pro-2:Optimization christianpascual$ git commit -m "Added standadrd[K[K[Krdization code  for AS[K[KLASS[K[K[K[Kbreast cancer data"
[master 798ddbe] Added standardization code for breast cancer data
 17 files changed, 338 insertions(+), 24 deletions(-)
 create mode 100644 .Rproj.user/F2A0B8DA/console06/294E80A7
 create mode 100644 .Rproj.user/F2A0B8DA/console06/294E80A7.env
 rewrite .Rproj.user/F2A0B8DA/console06/INDEX001 (100%)
 create mode 100644 .Rproj.user/F2A0B8DA/sources/prop/FE8A1599
 delete mode 100644 .Rproj.user/F2A0B8DA/sources/s-797CBE40/4EF907E7
 create mode 100644 .Rproj.user/F2A0B8DA/sources/s-797CBE40/7275362B
 create mode 100644 .Rproj.user/F2A0B8DA/sources/s-797CBE40/7275362B-contents
 create mode 100644 .Rproj.user/F2A0B8DA/sources/s-797CBE40/C66A2B07-contents
 create mode 100644 .Rproj.user/F2A0B8DA/sources/s-797CBE40/E321444
 create mode 100644 .Rproj.user/F2A0B8DA/sources/s-797CBE40/E321444-contents
 create mode 100644 .Rproj.user/shared/notebooks/D081DE1B-logistic-lasso/1/F2A0B8DA797CBE40/chunks.json
 create mode 100644 .Rproj.user/shared/notebooks/D081DE1B-logistic-lasso/1/s/chunks.json
 create mode 100644 .Rproj.user/shared/notebooks/D081DE1B-logistic-lasso/1/s/cktxx7qggq0tt/000004.csv
 create mode 100644 .Rproj.user/shared/notebooks/D081DE1B-logistic-lasso/1/s/csibsgvzhnbw9/000002.csv
 create mode 100644 logistic-lasso.Rmd
]0;~/Documents/columbia/S2019/Computing/project/OptimizationChristians-MacBook-Pro-2:Optimization christianpascual$ git push
Enter passphrase for key '/Users/christianpascual/.ssh/id_rsa': 
Enumerating objects: 40, done.
Counting objects:   2% (1/40)   Counting objects:   5% (2/40)   Counting objects:   7% (3/40)   Counting objects:  10% (4/40)   Counting objects:  12% (5/40)   Counting objects:  15% (6/40)   Counting objects:  17% (7/40)   Counting objects:  20% (8/40)   Counting objects:  22% (9/40)   Counting objects:  25% (10/40)   Counting objects:  27% (11/40)   Counting objects:  30% (12/40)   Counting objects:  32% (13/40)   Counting objects:  35% (14/40)   Counting objects:  37% (15/40)   Counting objects:  40% (16/40)   Counting objects:  42% (17/40)   Counting objects:  45% (18/40)   Counting objects:  47% (19/40)   Counting objects:  50% (20/40)   Counting objects:  52% (21/40)   Counting objects:  55% (22/40)   Counting objects:  57% (23/40)   Counting objects:  60% (24/40)   Counting objects:  62% (25/40)   Counting objects:  65% (26/40)   Counting objects:  67% (27/40)   Counting objects:  70% (28/40)   Counting objects:  72% (29/40)   Counting objects:  75% (30/40)   Counting objects:  77% (31/40)   Counting objects:  80% (32/40)   Counting objects:  82% (33/40)   Counting objects:  85% (34/40)   Counting objects:  87% (35/40)   Counting objects:  90% (36/40)   Counting objects:  92% (37/40)   Counting objects:  95% (38/40)   Counting objects:  97% (39/40)   Counting objects: 100% (40/40)   Counting objects: 100% (40/40), done.
Delta compression using up to 8 threads
Compressing objects:   4% (1/23)   Compressing objects:   8% (2/23)   Compressing objects:  13% (3/23)   Compressing objects:  17% (4/23)   Compressing objects:  21% (5/23)   Compressing objects:  26% (6/23)   Compressing objects:  30% (7/23)   Compressing objects:  34% (8/23)   Compressing objects:  39% (9/23)   Compressing objects:  43% (10/23)   Compressing objects:  47% (11/23)   Compressing objects:  52% (12/23)   Compressing objects:  56% (13/23)   Compressing objects:  60% (14/23)   Compressing objects:  65% (15/23)   Compressing objects:  69% (16/23)   Compressing objects:  73% (17/23)   Compressing objects:  78% (18/23)   Compressing objects:  82% (19/23)   Compressing objects:  86% (20/23)   Compressing objects:  91% (21/23)   Compressing objects:  95% (22/23)   Compressing objects: 100% (23/23)   Compressing objects: 100% (23/23), done.
Writing objects:   3% (1/28)   Writing objects:   7% (2/28)   Writing objects:  10% (3/28)   Writing objects:  14% (4/28)   Writing objects:  17% (5/28)   Writing objects:  21% (6/28)   Writing objects:  25% (7/28)   Writing objects:  28% (8/28)   Writing objects:  32% (9/28)   Writing objects:  35% (10/28)   Writing objects:  39% (11/28)   Writing objects:  42% (12/28)   Writing objects:  46% (13/28)   Writing objects:  50% (14/28)   Writing objects:  53% (15/28)   Writing objects:  57% (16/28)   Writing objects:  60% (17/28)   Writing objects:  64% (18/28)   Writing objects:  67% (19/28)   Writing objects:  71% (20/28)   Writing objects:  75% (21/28)   Writing objects:  78% (22/28)   Writing objects:  82% (23/28)   Writing objects:  85% (24/28)   Writing objects:  89% (25/28)   Writing objects:  92% (26/28)   Writing objects:  96% (27/28)   Writing objects: 100% (28/28)   Writing objects: 100% (28/28), 6.31 KiB | 119.00 KiB/s, done.
Total 28 (delta 2), reused 0 (delta 0)
remote: Resolving deltas:   0% (0/2)   [Kremote: Resolving deltas:  50% (1/2)   [Kremote: Resolving deltas: 100% (2/2)   [Kremote: Resolving deltas: 100% (2/2), completed with 2 local objects.[K
To github.com:thecbp/P8160_optimization_project.git
   38b775c..798ddbe  master -> master
]0;~/Documents/columbia/S2019/Computing/project/Optimization[?1034hChristians-MacBook-Pro-2:Optimization christianpascual$ git status
On branch master
Your branch is up to date with 'origin/master'.

Changes not staged for commit:
  (use "git add/rm <file>..." to update what will be committed)
  (use "git checkout -- <file>..." to discard changes in working directory)

	[31mmodified:   .Rhistory[m
	[31mmodified:   .Rproj.user/F2A0B8DA/console06/294E80A7[m
	[31mmodified:   .Rproj.user/F2A0B8DA/console06/INDEX001[m
	[31mmodified:   .Rproj.user/F2A0B8DA/pcs/windowlayoutstate.pper[m
	[31mmodified:   .Rproj.user/F2A0B8DA/sources/prop/FE8A1599[m
	[31mdeleted:    .Rproj.user/F2A0B8DA/sources/s-797CBE40/4EF907E7-contents[m
	[31mdeleted:    .Rproj.user/F2A0B8DA/sources/s-797CBE40/7275362B[m
	[31mdeleted:    .Rproj.user/F2A0B8DA/sources/s-797CBE40/7275362B-contents[m
	[31mdeleted:    .Rproj.user/F2A0B8DA/sources/s-797CBE40/C66A2B07-contents[m
	[31mdeleted:    .Rproj.user/F2A0B8DA/sources/s-797CBE40/E321444[m
	[31mdeleted:    .Rproj.user/F2A0B8DA/sources/s-797CBE40/E321444-contents[m
	[31mdeleted:    .Rproj.user/F2A0B8DA/sources/s-797CBE40/lock_file[m
	[31mmodified:   .Rproj.user/shared/notebooks/D081DE1B-logistic-lasso/1/F2A0B8DA797CBE40/chunks.json[m
	[31mmodified:   .Rproj.user/shared/notebooks/D081DE1B-logistic-lasso/1/s/chunks.json[m
	[31mdeleted:    .Rproj.user/shared/notebooks/D081DE1B-logistic-lasso/1/s/cktxx7qggq0tt/000004.csv[m
	[31mdeleted:    .Rproj.user/shared/notebooks/D081DE1B-logistic-lasso/1/s/csibsgvzhnbw9/000002.csv[m
	[31mmodified:   logistic-lasso.Rmd[m

Untracked files:
  (use "git add <file>..." to include in what will be committed)

	[31m.gitignore[m
	[31mlogistic-lasso.html[m

no changes added to commit (use "git add" and/or "git commit -a")
]0;~/Documents/columbia/S2019/Computing/project/OptimizationChristians-MacBook-Pro-2:Optimization christianpascual$ git add.[K .
]0;~/Documents/columbia/S2019/Computing/project/OptimizationChristians-MacBook-Pro-2:Optimization christianpascual$ git pull
Enter passphrase for key '/Users/christianpascual/.ssh/id_rsa': 
Already up to date.
]0;~/Documents/columbia/S2019/Computing/project/OptimizationChristians-MacBook-Pro-2:Optimization christianpascual$ CBPhy[K[K[K[K[Kgit comit[K[Kmit -am ""I"m"p"l"e"m"e"n"t"e"d" "f"i"r"s"t" [A[C[C[C[C[C[C[C[C[C[C[C[C[C[C[C[C[C[C[C[C[C[C[C[C[C[C[C[C[C[C[C[C[C[C[C[C[C[C[C[C[C[C[C[C[C[C[C[C[C[C[C[C[C[C[C[C[C[C[C[C[C[C[C[C[C[C[C[C[C[C[C[C[C[C[C[C[C[C[C[C[C[C[C[C[C[C[C[C ""v"e"r"s"i"o"n" "o"f" "L"o"g"i"s"t"i"c" "L"A"S"S"O" "[1P" "w"i"t"h" "C"D"
[master d1f40ab] Implemented first version of Logistic LASSO with CD
 20 files changed, 526 insertions(+), 332 deletions(-)
 rewrite .Rproj.user/F2A0B8DA/console06/INDEX001 (87%)
 delete mode 100644 .Rproj.user/F2A0B8DA/sources/s-797CBE40/4EF907E7-contents
 delete mode 100644 .Rproj.user/F2A0B8DA/sources/s-797CBE40/7275362B
 delete mode 100644 .Rproj.user/F2A0B8DA/sources/s-797CBE40/7275362B-contents
 delete mode 100644 .Rproj.user/F2A0B8DA/sources/s-797CBE40/C66A2B07-contents
 delete mode 100644 .Rproj.user/F2A0B8DA/sources/s-797CBE40/E321444
 delete mode 100644 .Rproj.user/F2A0B8DA/sources/s-797CBE40/E321444-contents
 delete mode 100644 .Rproj.user/F2A0B8DA/sources/s-797CBE40/lock_file
 rewrite .Rproj.user/shared/notebooks/D081DE1B-logistic-lasso/1/s/chunks.json (100%)
 delete mode 100644 .Rproj.user/shared/notebooks/D081DE1B-logistic-lasso/1/s/cktxx7qggq0tt/000004.csv
 delete mode 100644 .Rproj.user/shared/notebooks/D081DE1B-logistic-lasso/1/s/csibsgvzhnbw9/000002.csv
 create mode 100644 .gitignore
 create mode 100644 logistic-lasso.html
]0;~/Documents/columbia/S2019/Computing/project/OptimizationChristians-MacBook-Pro-2:Optimization christianpascual$ git push
Enter passphrase for key '/Users/christianpascual/.ssh/id_rsa': 
Enumerating objects: 47, done.
Counting objects:   2% (1/46)   Counting objects:   4% (2/46)   Counting objects:   6% (3/46)   Counting objects:   8% (4/46)   Counting objects:  10% (5/46)   Counting objects:  13% (6/46)   Counting objects:  15% (7/46)   Counting objects:  17% (8/46)   Counting objects:  19% (9/46)   Counting objects:  21% (10/46)   Counting objects:  23% (11/46)   Counting objects:  26% (12/46)   Counting objects:  28% (13/46)   Counting objects:  30% (14/46)   Counting objects:  32% (15/46)   Counting objects:  34% (16/46)   Counting objects:  36% (17/46)   Counting objects:  39% (18/46)   Counting objects:  41% (19/46)   Counting objects:  43% (20/46)   Counting objects:  45% (21/46)   Counting objects:  47% (22/46)   Counting objects:  50% (23/46)   Counting objects:  52% (24/46)   Counting objects:  54% (25/46)   Counting objects:  56% (26/46)   Counting objects:  58% (27/46)   Counting objects:  60% (28/46)   Counting objects:  63% (29/46)   Counting objects:  65% (30/46)   Counting objects:  67% (31/46)   Counting objects:  69% (32/46)   Counting objects:  71% (33/46)   Counting objects:  73% (34/46)   Counting objects:  76% (35/46)   Counting objects:  78% (36/46)   Counting objects:  80% (37/46)   Counting objects:  82% (38/46)   Counting objects:  84% (39/46)   Counting objects:  86% (40/46)   Counting objects:  89% (41/46)   Counting objects:  91% (42/46)   Counting objects:  93% (43/46)   Counting objects:  95% (44/46)   Counting objects:  97% (45/46)   Counting objects: 100% (46/46)   Counting objects: 100% (46/46), done.
Delta compression using up to 8 threads
Compressing objects:   5% (1/19)   Compressing objects:  10% (2/19)   Compressing objects:  15% (3/19)   Compressing objects:  21% (4/19)   Compressing objects:  26% (5/19)   Compressing objects:  31% (6/19)   Compressing objects:  36% (7/19)   Compressing objects:  42% (8/19)   Compressing objects:  47% (9/19)   Compressing objects:  52% (10/19)   Compressing objects:  57% (11/19)   Compressing objects:  63% (12/19)   Compressing objects:  68% (13/19)   Compressing objects:  73% (14/19)   Compressing objects:  78% (15/19)   Compressing objects:  84% (16/19)   Compressing objects:  89% (17/19)   Compressing objects:  94% (18/19)   Compressing objects: 100% (19/19)   Compressing objects: 100% (19/19), done.
Writing objects:   4% (1/25)   Writing objects:   8% (2/25)   Writing objects:  12% (3/25)   Writing objects:  16% (4/25)   Writing objects:  20% (5/25)   Writing objects:  24% (6/25)   Writing objects:  28% (7/25)   Writing objects:  32% (8/25)   Writing objects:  36% (9/25)   Writing objects:  40% (10/25)   Writing objects:  44% (11/25)   Writing objects:  48% (12/25)   Writing objects:  52% (13/25)   Writing objects:  56% (14/25)   Writing objects:  60% (15/25)   Writing objects:  64% (16/25)   Writing objects:  68% (17/25)   Writing objects:  72% (18/25)   Writing objects:  76% (19/25)   Writing objects:  80% (20/25)   Writing objects:  84% (21/25)   Writing objects:  88% (22/25)   Writing objects:  92% (23/25)   Writing objects:  96% (24/25)   Writing objects: 100% (25/25)   Writing objects: 100% (25/25), 242.91 KiB | 6.39 MiB/s, done.
Total 25 (delta 7), reused 0 (delta 0)
remote: Resolving deltas:   0% (0/7)   [Kremote: Resolving deltas:  14% (1/7)   [Kremote: Resolving deltas:  28% (2/7)   [Kremote: Resolving deltas:  42% (3/7)   [Kremote: Resolving deltas:  57% (4/7)   [Kremote: Resolving deltas:  71% (5/7)   [Kremote: Resolving deltas:  85% (6/7)   [Kremote: Resolving deltas: 100% (7/7)   [Kremote: Resolving deltas: 100% (7/7), completed with 7 local objects.[K
To github.com:thecbp/P8160_optimization_project.git
   798ddbe..d1f40ab  master -> master
]0;~/Documents/columbia/S2019/Computing/project/OptimizationChristians-MacBook-Pro-2:Optimization christianpascual$ [KChristians-MacBook-Pro-2:Optimization christianpascual$ git status
On branch master
Your branch is up to date with 'origin/master'.

Changes not staged for commit:
  (use "git add <file>..." to update what will be committed)
  (use "git checkout -- <file>..." to discard changes in working directory)

	[31mmodified:   .Rproj.user/F2A0B8DA/console06/294E80A7[m
	[31mmodified:   .Rproj.user/F2A0B8DA/console06/INDEX001[m
	[31mmodified:   .Rproj.user/F2A0B8DA/sources/prop/FE8A1599[m
	[31mmodified:   .Rproj.user/shared/notebooks/D081DE1B-logistic-lasso/1/s/chunks.json[m
	[31mmodified:   logistic-lasso.Rmd[m

no changes added to commit (use "git add" and/or "git commit -a")
]0;~/Documents/columbia/S2019/Computing/project/OptimizationChristians-MacBook-Pro-2:Optimization christianpascual$ git commit -am "Added quick cisuali[K[K[K[K[K[K[Kvisualization of c oefficients vs lambda"
[master 2239675] Added quick visualization of coefficients vs lambda
 5 files changed, 75 insertions(+), 23 deletions(-)
 rewrite .Rproj.user/F2A0B8DA/console06/INDEX001 (74%)
]0;~/Documents/columbia/S2019/Computing/project/OptimizationChristians-MacBook-Pro-2:Optimization christianpascual$ git push
Enter passphrase for key '/Users/christianpascual/.ssh/id_rsa': 
Enumerating objects: 33, done.
Counting objects:   3% (1/33)   Counting objects:   6% (2/33)   Counting objects:   9% (3/33)   Counting objects:  12% (4/33)   Counting objects:  15% (5/33)   Counting objects:  18% (6/33)   Counting objects:  21% (7/33)   Counting objects:  24% (8/33)   Counting objects:  27% (9/33)   Counting objects:  30% (10/33)   Counting objects:  33% (11/33)   Counting objects:  36% (12/33)   Counting objects:  39% (13/33)   Counting objects:  42% (14/33)   Counting objects:  45% (15/33)   Counting objects:  48% (16/33)   Counting objects:  51% (17/33)   Counting objects:  54% (18/33)   Counting objects:  57% (19/33)   Counting objects:  60% (20/33)   Counting objects:  63% (21/33)   Counting objects:  66% (22/33)   Counting objects:  69% (23/33)   Counting objects:  72% (24/33)   Counting objects:  75% (25/33)   Counting objects:  78% (26/33)   Counting objects:  81% (27/33)   Counting objects:  84% (28/33)   Counting objects:  87% (29/33)   Counting objects:  90% (30/33)   Counting objects:  93% (31/33)   Counting objects:  96% (32/33)   Counting objects: 100% (33/33)   Counting objects: 100% (33/33), done.
Delta compression using up to 8 threads
Compressing objects:   7% (1/13)   Compressing objects:  15% (2/13)   Compressing objects:  23% (3/13)   Compressing objects:  30% (4/13)   Compressing objects:  38% (5/13)   Compressing objects:  46% (6/13)   Compressing objects:  53% (7/13)   Compressing objects:  61% (8/13)   Compressing objects:  69% (9/13)   Compressing objects:  76% (10/13)   Compressing objects:  84% (11/13)   Compressing objects:  92% (12/13)   Compressing objects: 100% (13/13)   Compressing objects: 100% (13/13), done.
Writing objects:   5% (1/17)   Writing objects:  11% (2/17)   Writing objects:  17% (3/17)   Writing objects:  23% (4/17)   Writing objects:  29% (5/17)   Writing objects:  35% (6/17)   Writing objects:  41% (7/17)   Writing objects:  47% (8/17)   Writing objects:  52% (9/17)   Writing objects:  58% (10/17)   Writing objects:  64% (11/17)   Writing objects:  70% (12/17)   Writing objects:  76% (13/17)   Writing objects:  82% (14/17)   Writing objects:  88% (15/17)   Writing objects:  94% (16/17)   Writing objects: 100% (17/17)   Writing objects: 100% (17/17), 2.73 KiB | 55.00 KiB/s, done.
Total 17 (delta 8), reused 0 (delta 0)
remote: Resolving deltas:   0% (0/8)   [Kremote: Resolving deltas:  12% (1/8)   [Kremote: Resolving deltas:  25% (2/8)   [Kremote: Resolving deltas:  37% (3/8)   [Kremote: Resolving deltas:  50% (4/8)   [Kremote: Resolving deltas:  62% (5/8)   [Kremote: Resolving deltas:  75% (6/8)   [Kremote: Resolving deltas:  87% (7/8)   [Kremote: Resolving deltas: 100% (8/8)   [Kremote: Resolving deltas: 100% (8/8), completed with 8 local objects.[K
To github.com:thecbp/P8160_optimization_project.git
   d1f40ab..2239675  master -> master
]0;~/Documents/columbia/S2019/Computing/project/Optimization[?1034hChristians-MacBook-Pro-2:Optimization christianpascual$ git status
On branch master
Your branch is up to date with 'origin/master'.

Changes not staged for commit:
  (use "git add <file>..." to update what will be committed)
  (use "git checkout -- <file>..." to discard changes in working directory)

	[31mmodified:   .Rhistory[m
	[31mmodified:   .Rproj.user/F2A0B8DA/console06/294E80A7[m
	[31mmodified:   .Rproj.user/F2A0B8DA/console06/INDEX001[m
	[31mmodified:   .Rproj.user/F2A0B8DA/pcs/windowlayoutstate.pper[m
	[31mmodified:   .Rproj.user/F2A0B8DA/rmd-outputs[m
	[31mmodified:   .Rproj.user/F2A0B8DA/sources/prop/FE8A1599[m
	[31mmodified:   .Rproj.user/F2A0B8DA/sources/prop/INDEX[m
	[31mmodified:   .Rproj.user/shared/notebooks/D081DE1B-logistic-lasso/1/s/chunks.json[m
	[31mmodified:   .Rproj.user/shared/notebooks/paths[m
	[31mmodified:   logistic-lasso.Rmd[m

no changes added to commit (use "git add" and/or "git commit -a")
]0;~/Documents/columbia/S2019/Computing/project/OptimizationChristians-MacBook-Pro-2:Optimization christianpascual$ git pull
Enter passphrase for key '/Users/christianpascual/.ssh/id_rsa': 
Already up to date.
]0;~/Documents/columbia/S2019/Computing/project/OptimizationChristians-MacBook-Pro-2:Optimization christianpascual$ git commit -am "Fixed the algorithm[K[K[K[K[K[K[K[K[KLogistic LASSO bu t [K[Kg that made all[K[K[K90% of the covariates go to zero[1P[1@5[1@;[1@9[1@C[1P[1P[1P[C[C[C[C[C[C[C[C[C[C[C[C[C[C[C[C[C[C[C[C[C[C[C[C[C[C[C[C[C[C"
[master d6a908b] Fixed the Logistic LASSO bug that made 95% of the covariates go to zero
 11 files changed, 601 insertions(+), 91 deletions(-)
 rewrite .Rhistory (98%)
 rewrite .Rproj.user/F2A0B8DA/console06/INDEX001 (100%)
]0;~/Documents/columbia/S2019/Computing/project/OptimizationChristians-MacBook-Pro-2:Optimization christianpascual$ gt[Kit push
Enter passphrase for key '/Users/christianpascual/.ssh/id_rsa': 
Enumerating objects: 47, done.
Counting objects:   2% (1/47)   Counting objects:   4% (2/47)   Counting objects:   6% (3/47)   Counting objects:   8% (4/47)   Counting objects:  10% (5/47)   Counting objects:  12% (6/47)   Counting objects:  14% (7/47)   Counting objects:  17% (8/47)   Counting objects:  19% (9/47)   Counting objects:  21% (10/47)   Counting objects:  23% (11/47)   Counting objects:  25% (12/47)   Counting objects:  27% (13/47)   Counting objects:  29% (14/47)   Counting objects:  31% (15/47)   Counting objects:  34% (16/47)   Counting objects:  36% (17/47)   Counting objects:  38% (18/47)   Counting objects:  40% (19/47)   Counting objects:  42% (20/47)   Counting objects:  44% (21/47)   Counting objects:  46% (22/47)   Counting objects:  48% (23/47)   Counting objects:  51% (24/47)   Counting objects:  53% (25/47)   Counting objects:  55% (26/47)   Counting objects:  57% (27/47)   Counting objects:  59% (28/47)   Counting objects:  61% (29/47)   Counting objects:  63% (30/47)   Counting objects:  65% (31/47)   Counting objects:  68% (32/47)   Counting objects:  70% (33/47)   Counting objects:  72% (34/47)   Counting objects:  74% (35/47)   Counting objects:  76% (36/47)   Counting objects:  78% (37/47)   Counting objects:  80% (38/47)   Counting objects:  82% (39/47)   Counting objects:  85% (40/47)   Counting objects:  87% (41/47)   Counting objects:  89% (42/47)   Counting objects:  91% (43/47)   Counting objects:  93% (44/47)   Counting objects:  95% (45/47)   Counting objects:  97% (46/47)   Counting objects: 100% (47/47)   Counting objects: 100% (47/47), done.
Delta compression using up to 8 threads
Compressing objects:   5% (1/20)   Compressing objects:  10% (2/20)   Compressing objects:  15% (3/20)   Compressing objects:  20% (4/20)   Compressing objects:  25% (5/20)   Compressing objects:  30% (6/20)   Compressing objects:  35% (7/20)   Compressing objects:  40% (8/20)   Compressing objects:  45% (9/20)   Compressing objects:  50% (10/20)   Compressing objects:  55% (11/20)   Compressing objects:  60% (12/20)   Compressing objects:  65% (13/20)   Compressing objects:  70% (14/20)   Compressing objects:  75% (15/20)   Compressing objects:  80% (16/20)   Compressing objects:  85% (17/20)   Compressing objects:  90% (18/20)   Compressing objects:  95% (19/20)   Compressing objects: 100% (20/20)   Compressing objects: 100% (20/20), done.
Writing objects:   4% (1/24)   Writing objects:   8% (2/24)   Writing objects:  12% (3/24)   Writing objects:  16% (4/24)   Writing objects:  20% (5/24)   Writing objects:  25% (6/24)   Writing objects:  29% (7/24)   Writing objects:  33% (8/24)   Writing objects:  37% (9/24)   Writing objects:  41% (10/24)   Writing objects:  45% (11/24)   Writing objects:  50% (12/24)   Writing objects:  54% (13/24)   Writing objects:  58% (14/24)   Writing objects:  62% (15/24)   Writing objects:  66% (16/24)   Writing objects:  70% (17/24)   Writing objects:  75% (18/24)   Writing objects:  79% (19/24)   Writing objects:  83% (20/24)   Writing objects:  87% (21/24)   Writing objects:  91% (22/24)   Writing objects:  95% (23/24)   Writing objects: 100% (24/24)   Writing objects: 100% (24/24), 5.20 KiB | 98.00 KiB/s, done.
Total 24 (delta 11), reused 0 (delta 0)
remote: Resolving deltas:   0% (0/11)   [Kremote: Resolving deltas:   9% (1/11)   [Kremote: Resolving deltas:  18% (2/11)   [Kremote: Resolving deltas:  27% (3/11)   [Kremote: Resolving deltas:  36% (4/11)   [Kremote: Resolving deltas:  45% (5/11)   [Kremote: Resolving deltas:  54% (6/11)   [Kremote: Resolving deltas:  63% (7/11)   [Kremote: Resolving deltas:  72% (8/11)   [Kremote: Resolving deltas:  81% (9/11)   [Kremote: Resolving deltas:  90% (10/11)   [Kremote: Resolving deltas: 100% (11/11)   [Kremote: Resolving deltas: 100% (11/11), completed with 11 local objects.[K
To github.com:thecbp/P8160_optimization_project.git
   2239675..d6a908b  master -> master
]0;~/Documents/columbia/S2019/Computing/project/OptimizationChristians-MacBook-Pro-2:Optimization christianpascual$ [KChristians-MacBook-Pro-2:Optimization christianpascual$ [KChristians-MacBook-Pro-2:Optimization christianpascual$ [KChristians-MacBook-Pro-2:Optimization christianpascual$ [KChristians-MacBook-Pro-2:Optimization christianpascual$ git status
On branch master
Your branch is up to date with 'origin/master'.

Changes not staged for commit:
  (use "git add <file>..." to update what will be committed)
  (use "git checkout -- <file>..." to discard changes in working directory)

	[31mmodified:   .Rproj.user/F2A0B8DA/console06/294E80A7[m
	[31mmodified:   .Rproj.user/F2A0B8DA/console06/INDEX001[m
	[31mmodified:   .Rproj.user/F2A0B8DA/sources/prop/FE8A1599[m
	[31mmodified:   .Rproj.user/F2A0B8DA/sources/prop/INDEX[m
	[31mmodified:   .Rproj.user/shared/notebooks/D081DE1B-logistic-lasso/1/s/chunks.json[m
	[31mmodified:   .Rproj.user/shared/notebooks/paths[m
	[31mmodified:   logistic-lasso.Rmd[m

no changes added to commit (use "git add" and/or "git commit -a")
]0;~/Documents/columbia/S2019/Computing/project/OptimizationChristians-MacBook-Pro-2:Optimization christianpascual$ git commit[K[K[K[K[K[Kcommit -am "Added in algr[Korithm for 5-fl[Kold cros[K[K[K[KCV; n eed t [K[K[K[K[K[K[A[C[C[C[C[C[C[C[C[C[C[C[C[C[C[C[C[C[C[C[C[C[C[C[C[C[C[C[C[C[C[C[C[C[C[C[C[C[C[C[C[C[C[C[C[C[C[C[C[C[C[C[C[C[C[C[C[C[C[C[C[C[C[C[C[C[C[C[C[C[C[C[C[C[C[C[C[C[C[C[C[C[C[C[C[C[C[C[C[C[C[C[C[C[C[C[C[C[C[C[C[C[C[C[C[C[C[K
[K[A[C[C[C[C[C[C[C[C[C[C[C[C[C[C[C[C[C[C[C[C[C[C[C[C[C[C[C[C[C[C[C[C[C[C[C[C[C[C[C[C[C[C[C[C[C[C[C[C[C[C[C[C[C[C[C[C[C[C[C[C[C[C[C[C[C[C[C[C[C[C[C[C[C[C[C[C[C[C[C[C[C[C[C[C[C[C[C[C[C[C[C[C[C[C[C[C[C[C[C[C[C[C[C[C[C[C[K[K[KV"
[master 9a6da82] Added in algorithm for 5-fold CV
 7 files changed, 109 insertions(+), 13 deletions(-)
 rewrite .Rproj.user/F2A0B8DA/console06/INDEX001 (62%)
 rewrite .Rproj.user/shared/notebooks/D081DE1B-logistic-lasso/1/s/chunks.json (74%)
]0;~/Documents/columbia/S2019/Computing/project/OptimizationChristians-MacBook-Pro-2:Optimization christianpascual$ git push
Enter passphrase for key '/Users/christianpascual/.ssh/id_rsa': 
Enumerating objects: 37, done.
Counting objects:   2% (1/37)   Counting objects:   5% (2/37)   Counting objects:   8% (3/37)   Counting objects:  10% (4/37)   Counting objects:  13% (5/37)   Counting objects:  16% (6/37)   Counting objects:  18% (7/37)   Counting objects:  21% (8/37)   Counting objects:  24% (9/37)   Counting objects:  27% (10/37)   Counting objects:  29% (11/37)   Counting objects:  32% (12/37)   Counting objects:  35% (13/37)   Counting objects:  37% (14/37)   Counting objects:  40% (15/37)   Counting objects:  43% (16/37)   Counting objects:  45% (17/37)   Counting objects:  48% (18/37)   Counting objects:  51% (19/37)   Counting objects:  54% (20/37)   Counting objects:  56% (21/37)   Counting objects:  59% (22/37)   Counting objects:  62% (23/37)   Counting objects:  64% (24/37)   Counting objects:  67% (25/37)   Counting objects:  70% (26/37)   Counting objects:  72% (27/37)   Counting objects:  75% (28/37)   Counting objects:  78% (29/37)   Counting objects:  81% (30/37)   Counting objects:  83% (31/37)   Counting objects:  86% (32/37)   Counting objects:  89% (33/37)   Counting objects:  91% (34/37)   Counting objects:  94% (35/37)   Counting objects:  97% (36/37)   Counting objects: 100% (37/37)   Counting objects: 100% (37/37), done.
Delta compression using up to 8 threads
Compressing objects:   6% (1/15)   Compressing objects:  13% (2/15)   Compressing objects:  20% (3/15)   Compressing objects:  26% (4/15)   Compressing objects:  33% (5/15)   Compressing objects:  40% (6/15)   Compressing objects:  46% (7/15)   Compressing objects:  53% (8/15)   Compressing objects:  60% (9/15)   Compressing objects:  66% (10/15)   Compressing objects:  73% (11/15)   Compressing objects:  80% (12/15)   Compressing objects:  86% (13/15)   Compressing objects:  93% (14/15)   Compressing objects: 100% (15/15)   Compressing objects: 100% (15/15), done.
Writing objects:   5% (1/19)   Writing objects:  10% (2/19)   Writing objects:  15% (3/19)   Writing objects:  21% (4/19)   Writing objects:  26% (5/19)   Writing objects:  31% (6/19)   Writing objects:  36% (7/19)   Writing objects:  42% (8/19)   Writing objects:  47% (9/19)   Writing objects:  52% (10/19)   Writing objects:  57% (11/19)   Writing objects:  63% (12/19)   Writing objects:  68% (13/19)   Writing objects:  73% (14/19)   Writing objects:  78% (15/19)   Writing objects:  84% (16/19)   Writing objects:  89% (17/19)   Writing objects:  94% (18/19)   Writing objects: 100% (19/19)   Writing objects: 100% (19/19), 3.48 KiB | 68.00 KiB/s, done.
Total 19 (delta 9), reused 0 (delta 0)
remote: Resolving deltas:   0% (0/9)   [Kremote: Resolving deltas:  11% (1/9)   [Kremote: Resolving deltas:  22% (2/9)   [Kremote: Resolving deltas:  33% (3/9)   [Kremote: Resolving deltas:  44% (4/9)   [Kremote: Resolving deltas:  55% (5/9)   [Kremote: Resolving deltas:  66% (6/9)   [Kremote: Resolving deltas:  77% (7/9)   [Kremote: Resolving deltas:  88% (8/9)   [Kremote: Resolving deltas: 100% (9/9)   [Kremote: Resolving deltas: 100% (9/9), completed with 9 local objects.[K
To github.com:thecbp/P8160_optimization_project.git
   d6a908b..9a6da82  master -> master
]0;~/Documents/columbia/S2019/Computing/project/OptimizationChristians-MacBook-Pro-2:Optimization christianpascual$ [KChristians-MacBook-Pro-2:Optimization christianpascual$ git status
On branch master
Your branch is up to date with 'origin/master'.

Changes not staged for commit:
  (use "git add <file>..." to update what will be committed)
  (use "git checkout -- <file>..." to discard changes in working directory)

	[31mmodified:   .Rproj.user/F2A0B8DA/console06/294E80A7[m
	[31mmodified:   .Rproj.user/F2A0B8DA/console06/INDEX001[m
	[31mmodified:   .Rproj.user/F2A0B8DA/sources/prop/FE8A1599[m
	[31mmodified:   .Rproj.user/shared/notebooks/D081DE1B-logistic-lasso/1/s/chunks.json[m
	[31mmodified:   logistic-lasso.Rmd[m

no changes added to commit (use "git add" and/or "git commit -a")
]0;~/Documents/columbia/S2019/Computing/project/OptimizationChristians-MacBook-Pro-2:Optimization christianpascual$ git pull[K[K[K[Kcommit -am "Finished the 5-fold CV algorithm a nd visualization"
[master a1ad905] Finished the 5-fold CV algorithm and visualization
 5 files changed, 60 insertions(+), 34 deletions(-)
 rewrite .Rproj.user/shared/notebooks/D081DE1B-logistic-lasso/1/s/chunks.json (83%)
]0;~/Documents/columbia/S2019/Computing/project/OptimizationChristians-MacBook-Pro-2:Optimization christianpascual$ git push
Enter passphrase for key '/Users/christianpascual/.ssh/id_rsa': 
Enumerating objects: 33, done.
Counting objects:   3% (1/33)   Counting objects:   6% (2/33)   Counting objects:   9% (3/33)   Counting objects:  12% (4/33)   Counting objects:  15% (5/33)   Counting objects:  18% (6/33)   Counting objects:  21% (7/33)   Counting objects:  24% (8/33)   Counting objects:  27% (9/33)   Counting objects:  30% (10/33)   Counting objects:  33% (11/33)   Counting objects:  36% (12/33)   Counting objects:  39% (13/33)   Counting objects:  42% (14/33)   Counting objects:  45% (15/33)   Counting objects:  48% (16/33)   Counting objects:  51% (17/33)   Counting objects:  54% (18/33)   Counting objects:  57% (19/33)   Counting objects:  60% (20/33)   Counting objects:  63% (21/33)   Counting objects:  66% (22/33)   Counting objects:  69% (23/33)   Counting objects:  72% (24/33)   Counting objects:  75% (25/33)   Counting objects:  78% (26/33)   Counting objects:  81% (27/33)   Counting objects:  84% (28/33)   Counting objects:  87% (29/33)   Counting objects:  90% (30/33)   Counting objects:  93% (31/33)   Counting objects:  96% (32/33)   Counting objects: 100% (33/33)   Counting objects: 100% (33/33), done.
Delta compression using up to 8 threads
Compressing objects:   7% (1/13)   Compressing objects:  15% (2/13)   Compressing objects:  23% (3/13)   Compressing objects:  30% (4/13)   Compressing objects:  38% (5/13)   Compressing objects:  46% (6/13)   Compressing objects:  53% (7/13)   Compressing objects:  61% (8/13)   Compressing objects:  69% (9/13)   Compressing objects:  76% (10/13)   Compressing objects:  84% (11/13)   Compressing objects:  92% (12/13)   Compressing objects: 100% (13/13)   Compressing objects: 100% (13/13), done.
Writing objects:   5% (1/17)   Writing objects:  11% (2/17)   Writing objects:  17% (3/17)   Writing objects:  23% (4/17)   Writing objects:  29% (5/17)   Writing objects:  35% (6/17)   Writing objects:  41% (7/17)   Writing objects:  47% (8/17)   Writing objects:  52% (9/17)   Writing objects:  58% (10/17)   Writing objects:  64% (11/17)   Writing objects:  70% (12/17)   Writing objects:  76% (13/17)   Writing objects:  82% (14/17)   Writing objects:  88% (15/17)   Writing objects:  94% (16/17)   Writing objects: 100% (17/17)   Writing objects: 100% (17/17), 2.59 KiB | 50.00 KiB/s, done.
Total 17 (delta 7), reused 0 (delta 0)
remote: Resolving deltas:   0% (0/7)   [Kremote: Resolving deltas:  14% (1/7)   [Kremote: Resolving deltas:  28% (2/7)   [Kremote: Resolving deltas:  42% (3/7)   [Kremote: Resolving deltas:  57% (4/7)   [Kremote: Resolving deltas:  71% (5/7)   [Kremote: Resolving deltas:  85% (6/7)   [Kremote: Resolving deltas: 100% (7/7)   [Kremote: Resolving deltas: 100% (7/7), completed with 7 local objects.[K
To github.com:thecbp/P8160_optimization_project.git
   9a6da82..a1ad905  master -> master
]0;~/Documents/columbia/S2019/Computing/project/Optimization[?1034hChristians-MacBook-Pro-2:Optimization christianpascual$ git status
On branch master
Your branch is up to date with 'origin/master'.

Changes not staged for commit:
  (use "git add <file>..." to update what will be committed)
  (use "git checkout -- <file>..." to discard changes in working directory)

	[31mmodified:   .Rhistory[m
	[31mmodified:   .Rproj.user/F2A0B8DA/console06/294E80A7[m
	[31mmodified:   .Rproj.user/F2A0B8DA/console06/INDEX001[m
	[31mmodified:   .Rproj.user/F2A0B8DA/pcs/source-pane.pper[m
	[31mmodified:   .Rproj.user/F2A0B8DA/pcs/windowlayoutstate.pper[m
	[31mmodified:   .Rproj.user/F2A0B8DA/pcs/workbench-pane.pper[m
	[31mmodified:   .Rproj.user/F2A0B8DA/rmd-outputs[m
	[31mmodified:   .Rproj.user/F2A0B8DA/sources/prop/FE8A1599[m
	[31mmodified:   .Rproj.user/shared/notebooks/D081DE1B-logistic-lasso/1/s/chunks.json[m
	[31mmodified:   .Rproj.user/shared/notebooks/paths[m
	[31mmodified:   logistic-lasso.Rmd[m

Untracked files:
  (use "git add <file>..." to include in what will be committed)

	[31mcoeff-estimates.png[m
	[31mlambda-cv.png[m

no changes added to commit (use "git add" and/or "git commit -a")
]0;~/Documents/columbia/S2019/Computing/project/OptimizationChristians-MacBook-Pro-2:Optimization christianpascual$ git add .
]0;~/Documents/columbia/S2019/Computing/project/OptimizationChristians-MacBook-Pro-2:Optimization christianpascual$ gt [K[Kit pull
Enter passphrase for key '/Users/christianpascual/.ssh/id_rsa': 
remote: Enumerating objects: 13, done.[K
remote: Counting objects:   7% (1/13)   [Kremote: Counting objects:  15% (2/13)   [Kremote: Counting objects:  23% (3/13)   [Kremote: Counting objects:  30% (4/13)   [Kremote: Counting objects:  38% (5/13)   [Kremote: Counting objects:  46% (6/13)   [Kremote: Counting objects:  53% (7/13)   [Kremote: Counting objects:  61% (8/13)   [Kremote: Counting objects:  69% (9/13)   [Kremote: Counting objects:  76% (10/13)   [Kremote: Counting objects:  84% (11/13)   [Kremote: Counting objects:  92% (12/13)   [Kremote: Counting objects: 100% (13/13)   [Kremote: Counting objects: 100% (13/13), done.[K
remote: Compressing objects:  20% (1/5)   [Kremote: Compressing objects:  40% (2/5)   [Kremote: Compressing objects:  60% (3/5)   [Kremote: Compressing objects:  80% (4/5)   [Kremote: Compressing objects: 100% (5/5)   [Kremote: Compressing objects: 100% (5/5), done.[K
Unpacking objects:  12% (1/8)   Unpacking objects:  25% (2/8)   Unpacking objects:  37% (3/8)   Unpacking objects:  50% (4/8)   Unpacking objects:  62% (5/8)   Unpacking objects:  75% (6/8)   Unpacking objects:  87% (7/8)   remote: Total 8 (delta 2), reused 8 (delta 2), pack-reused 0[K
Unpacking objects: 100% (8/8)   Unpacking objects: 100% (8/8), done.
From github.com:thecbp/P8160_optimization_project
   a1ad905..01149bf  master     -> origin/master
Updating a1ad905..01149bf
error: Your local changes to the following files would be overwritten by merge:
	.Rproj.user/shared/notebooks/paths
Please commit your changes or stash them before you merge.
Aborting
]0;~/Documents/columbia/S2019/Computing/project/OptimizationChristians-MacBook-Pro-2:Optimization christianpascual$ git status
On branch master
Your branch is behind 'origin/master' by 1 commit, and can be fast-forwarded.
  (use "git pull" to update your local branch)

Changes to be committed:
  (use "git reset HEAD <file>..." to unstage)

	[32mmodified:   .Rhistory[m
	[32mmodified:   .Rproj.user/F2A0B8DA/console06/294E80A7[m
	[32mmodified:   .Rproj.user/F2A0B8DA/console06/INDEX001[m
	[32mmodified:   .Rproj.user/F2A0B8DA/pcs/source-pane.pper[m
	[32mmodified:   .Rproj.user/F2A0B8DA/pcs/windowlayoutstate.pper[m
	[32mmodified:   .Rproj.user/F2A0B8DA/pcs/workbench-pane.pper[m
	[32mmodified:   .Rproj.user/F2A0B8DA/rmd-outputs[m
	[32mmodified:   .Rproj.user/F2A0B8DA/sources/prop/FE8A1599[m
	[32mmodified:   .Rproj.user/shared/notebooks/D081DE1B-logistic-lasso/1/s/chunks.json[m
	[32mmodified:   .Rproj.user/shared/notebooks/paths[m
	[32mnew file:   coeff-estimates.png[m
	[32mnew file:   lambda-cv.png[m
	[32mmodified:   logistic-lasso.Rmd[m

Changes not staged for commit:
  (use "git add <file>..." to update what will be committed)
  (use "git checkout -- <file>..." to discard changes in working directory)

	[31mmodified:   .Rproj.user/F2A0B8DA/console06/294E80A7[m
	[31mmodified:   .Rproj.user/F2A0B8DA/console06/294E80A7.env[m

]0;~/Documents/columbia/S2019/Computing/project/OptimizationChristians-MacBook-Pro-2:Optimization christianpascual$ gt[K[Kgit add .
]0;~/Documents/columbia/S2019/Computing/project/OptimizationChristians-MacBook-Pro-2:Optimization christianpascual$ fit[K[K[Kgit pull
Enter passphrase for key '/Users/christianpascual/.ssh/id_rsa': 
Updating a1ad905..01149bf
error: Your local changes to the following files would be overwritten by merge:
	.Rproj.user/shared/notebooks/paths
Please commit your changes or stash them before you merge.
Aborting
]0;~/Documents/columbia/S2019/Computing/project/OptimizationChristians-MacBook-Pro-2:Optimization christianpascual$ git commit -m "ADded [K[K[K[K[Kdded images"
[master 4deabfd] Added images
 14 files changed, 624 insertions(+), 532 deletions(-)
 rewrite .Rhistory (81%)
 rewrite .Rproj.user/F2A0B8DA/console06/INDEX001 (87%)
 create mode 100644 coeff-estimates.png
 create mode 100644 lambda-cv.png
]0;~/Documents/columbia/S2019/Computing/project/OptimizationChristians-MacBook-Pro-2:Optimization christianpascual$ git pus[K[Kull
Enter passphrase for key '/Users/christianpascual/.ssh/id_rsa': 
Auto-merging .Rproj.user/shared/notebooks/paths
CONFLICT (content): Merge conflict in .Rproj.user/shared/notebooks/paths
Automatic merge failed; fix conflicts and then commit the result.
]0;~/Documents/columbia/S2019/Computing/project/OptimizationChristians-MacBook-Pro-2:Optimization christianpascual$ corr(data
bash: syntax error near unexpected token `data'
]0;~/Documents/columbia/S2019/Computing/project/OptimizationChristians-MacBook-Pro-2:Optimization christianpascual$ corr(data)
bash: syntax error near unexpected token `data'
]0;~/Documents/columbia/S2019/Computing/project/OptimizationChristians-MacBook-Pro-2:Optimization christianpascual$ [KChristians-MacBook-Pro-2:Optimization christianpascual$ [KChristians-MacBook-Pro-2:Optimization christianpascual$ git status
On branch master
Your branch and 'origin/master' have diverged,
and have 1 and 1 different commits each, respectively.
  (use "git pull" to merge the remote branch into yours)

You have unmerged paths.
  (fix conflicts and run "git commit")
  (use "git merge --abort" to abort the merge)

Changes to be committed:

	[32mnew file:   P8160_optimization_project.Rproj[m
	[32mnew file:   question_2.Rmd[m
	[32mnew file:   question_2.pdf[m

Unmerged paths:
  (use "git add <file>..." to mark resolution)

	[31mboth modified:   .Rproj.user/shared/notebooks/paths[m

Changes not staged for commit:
  (use "git add <file>..." to update what will be committed)
  (use "git checkout -- <file>..." to discard changes in working directory)

	[31mmodified:   .Rproj.user/F2A0B8DA/console06/294E80A7[m
	[31mmodified:   .Rproj.user/F2A0B8DA/console06/INDEX001[m
	[31mmodified:   .Rproj.user/F2A0B8DA/sources/prop/FE8A1599[m
	[31mmodified:   .Rproj.user/F2A0B8DA/sources/prop/INDEX[m
	[31mmodified:   .Rproj.user/shared/notebooks/D081DE1B-logistic-lasso/1/s/chunks.json[m
	[31mmodified:   logistic-lasso.Rmd[m

]0;~/Documents/columbia/S2019/Computing/project/OptimizationChristians-MacBook-Pro-2:Optimization christianpascual$ git add .
]0;~/Documents/columbia/S2019/Computing/project/OptimizationChristians-MacBook-Pro-2:Optimization christianpascual$ git commt [K[K[K[K[K[Kpull
error: You have not concluded your merge (MERGE_HEAD exists).
[33mhint: Please, commit your changes before merging.[m
fatal: Exiting because of unfinished merge.
]0;~/Documents/columbia/S2019/Computing/project/OptimizationChristians-MacBook-Pro-2:Optimization christianpascual$ git [K[K[K[Kgit status
On branch master
Your branch and 'origin/master' have diverged,
and have 1 and 1 different commits each, respectively.
  (use "git pull" to merge the remote branch into yours)

All conflicts fixed but you are still merging.
  (use "git commit" to conclude merge)

Changes to be committed:

	[32mmodified:   .Rproj.user/F2A0B8DA/console06/294E80A7[m
	[32mmodified:   .Rproj.user/F2A0B8DA/console06/INDEX001[m
	[32mmodified:   .Rproj.user/F2A0B8DA/sources/prop/FE8A1599[m
	[32mmodified:   .Rproj.user/F2A0B8DA/sources/prop/INDEX[m
	[32mmodified:   .Rproj.user/shared/notebooks/D081DE1B-logistic-lasso/1/s/chunks.json[m
	[32mmodified:   .Rproj.user/shared/notebooks/paths[m
	[32mnew file:   P8160_optimization_project.Rproj[m
	[32mmodified:   logistic-lasso.Rmd[m
	[32mnew file:   question_2.Rmd[m
	[32mnew file:   question_2.pdf[m

Changes not staged for commit:
  (use "git add <file>..." to update what will be committed)
  (use "git checkout -- <file>..." to discard changes in working directory)

	[31mmodified:   .Rproj.user/F2A0B8DA/console06/294E80A7[m

]0;~/Documents/columbia/S2019/Computing/project/OptimizationChristians-MacBook-Pro-2:Optimization christianpascual$ git abort
git: 'abort' is not a git command. See 'git --help'.
]0;~/Documents/columbia/S2019/Computing/project/OptimizationChristians-MacBook-Pro-2:Optimization christianpascual$ git commit[K[K[K[K[K[Kpull
error: You have not concluded your merge (MERGE_HEAD exists).
[33mhint: Please, commit your changes before merging.[m
fatal: Exiting because of unfinished merge.
]0;~/Documents/columbia/S2019/Computing/project/OptimizationChristians-MacBook-Pro-2:Optimization christianpascual$ gitg[K merge --abort
error: Entry '.Rproj.user/F2A0B8DA/console06/294E80A7' not uptodate. Cannot merge.
fatal: Could not reset index file to revision 'HEAD'.
]0;~/Documents/columbia/S2019/Computing/project/OptimizationChristians-MacBook-Pro-2:Optimization christianpascual$ git pull
error: You have not concluded your merge (MERGE_HEAD exists).
[33mhint: Please, commit your changes before merging.[m
fatal: Exiting because of unfinished merge.
]0;~/Documents/columbia/S2019/Computing/project/OptimizationChristians-MacBook-Pro-2:Optimization christianpascual$ git status
On branch master
Your branch and 'origin/master' have diverged,
and have 1 and 1 different commits each, respectively.
  (use "git pull" to merge the remote branch into yours)

All conflicts fixed but you are still merging.
  (use "git commit" to conclude merge)

Changes to be committed:

	[32mmodified:   .Rproj.user/F2A0B8DA/console06/294E80A7[m
	[32mmodified:   .Rproj.user/F2A0B8DA/console06/INDEX001[m
	[32mmodified:   .Rproj.user/F2A0B8DA/sources/prop/FE8A1599[m
	[32mmodified:   .Rproj.user/F2A0B8DA/sources/prop/INDEX[m
	[32mmodified:   .Rproj.user/shared/notebooks/D081DE1B-logistic-lasso/1/s/chunks.json[m
	[32mmodified:   .Rproj.user/shared/notebooks/paths[m
	[32mnew file:   P8160_optimization_project.Rproj[m
	[32mmodified:   logistic-lasso.Rmd[m
	[32mnew file:   question_2.Rmd[m
	[32mnew file:   question_2.pdf[m

Changes not staged for commit:
  (use "git add <file>..." to update what will be committed)
  (use "git checkout -- <file>..." to discard changes in working directory)

	[31mmodified:   .Rproj.user/F2A0B8DA/console06/294E80A7[m

]0;~/Documents/columbia/S2019/Computing/project/OptimizationChristians-MacBook-Pro-2:Optimization christianpascual$ git pull
error: You have not concluded your merge (MERGE_HEAD exists).
[33mhint: Please, commit your changes before merging.[m
fatal: Exiting because of unfinished merge.
]0;~/Documents/columbia/S2019/Computing/project/OptimizationChristians-MacBook-Pro-2:Optimization christianpascual$ git merge --abort
error: Entry '.Rproj.user/F2A0B8DA/console06/294E80A7' not uptodate. Cannot merge.
fatal: Could not reset index file to revision 'HEAD'.
]0;~/Documents/columbia/S2019/Computing/project/OptimizationChristians-MacBook-Pro-2:Optimization christianpascual$ git status
On branch master
Your branch and 'origin/master' have diverged,
and have 1 and 1 different commits each, respectively.
  (use "git pull" to merge the remote branch into yours)

All conflicts fixed but you are still merging.
  (use "git commit" to conclude merge)

Changes to be committed:

	[32mmodified:   .Rproj.user/F2A0B8DA/console06/294E80A7[m
	[32mmodified:   .Rproj.user/F2A0B8DA/console06/INDEX001[m
	[32mmodified:   .Rproj.user/F2A0B8DA/sources/prop/FE8A1599[m
	[32mmodified:   .Rproj.user/F2A0B8DA/sources/prop/INDEX[m
	[32mmodified:   .Rproj.user/shared/notebooks/D081DE1B-logistic-lasso/1/s/chunks.json[m
	[32mmodified:   .Rproj.user/shared/notebooks/paths[m
	[32mnew file:   P8160_optimization_project.Rproj[m
	[32mmodified:   logistic-lasso.Rmd[m
	[32mnew file:   question_2.Rmd[m
	[32mnew file:   question_2.pdf[m

Changes not staged for commit:
  (use "git add <file>..." to update what will be committed)
  (use "git checkout -- <file>..." to discard changes in working directory)

	[31mmodified:   .Rproj.user/F2A0B8DA/console06/294E80A7[m

]0;~/Documents/columbia/S2019/Computing/project/OptimizationChristians-MacBook-Pro-2:Optimization christianpascual$ git add .
]0;~/Documents/columbia/S2019/Computing/project/OptimizationChristians-MacBook-Pro-2:Optimization christianpascual$ git commit -m "Added lois[K[Kgistic model stuff"
[master a65e60c] Added logistic model stuff
]0;~/Documents/columbia/S2019/Computing/project/OptimizationChristians-MacBook-Pro-2:Optimization christianpascual$ git puhs[K[Ksh
Enter passphrase for key '/Users/christianpascual/.ssh/id_rsa': 
Enumerating objects: 96, done.
Counting objects:   1% (1/76)   Counting objects:   2% (2/76)   Counting objects:   3% (3/76)   Counting objects:   5% (4/76)   Counting objects:   6% (5/76)   Counting objects:   7% (6/76)   Counting objects:   9% (7/76)   Counting objects:  10% (8/76)   Counting objects:  11% (9/76)   Counting objects:  13% (10/76)   Counting objects:  14% (11/76)   Counting objects:  15% (12/76)   Counting objects:  17% (13/76)   Counting objects:  18% (14/76)   Counting objects:  19% (15/76)   Counting objects:  21% (16/76)   Counting objects:  22% (17/76)   Counting objects:  23% (18/76)   Counting objects:  25% (19/76)   Counting objects:  26% (20/76)   Counting objects:  27% (21/76)   Counting objects:  28% (22/76)   Counting objects:  30% (23/76)   Counting objects:  31% (24/76)   Counting objects:  32% (25/76)   Counting objects:  34% (26/76)   Counting objects:  35% (27/76)   Counting objects:  36% (28/76)   Counting objects:  38% (29/76)   Counting objects:  39% (30/76)   Counting objects:  40% (31/76)   Counting objects:  42% (32/76)   Counting objects:  43% (33/76)   Counting objects:  44% (34/76)   Counting objects:  46% (35/76)   Counting objects:  47% (36/76)   Counting objects:  48% (37/76)   Counting objects:  50% (38/76)   Counting objects:  51% (39/76)   Counting objects:  52% (40/76)   Counting objects:  53% (41/76)   Counting objects:  55% (42/76)   Counting objects:  56% (43/76)   Counting objects:  57% (44/76)   Counting objects:  59% (45/76)   Counting objects:  60% (46/76)   Counting objects:  61% (47/76)   Counting objects:  63% (48/76)   Counting objects:  64% (49/76)   Counting objects:  65% (50/76)   Counting objects:  67% (51/76)   Counting objects:  68% (52/76)   Counting objects:  69% (53/76)   Counting objects:  71% (54/76)   Counting objects:  72% (55/76)   Counting objects:  73% (56/76)   Counting objects:  75% (57/76)   Counting objects:  76% (58/76)   Counting objects:  77% (59/76)   Counting objects:  78% (60/76)   Counting objects:  80% (61/76)   Counting objects:  81% (62/76)   Counting objects:  82% (63/76)   Counting objects:  84% (64/76)   Counting objects:  85% (65/76)   Counting objects:  86% (66/76)   Counting objects:  88% (67/76)   Counting objects:  89% (68/76)   Counting objects:  90% (69/76)   Counting objects:  92% (70/76)   Counting objects:  93% (71/76)   Counting objects:  94% (72/76)   Counting objects:  96% (73/76)   Counting objects:  97% (74/76)   Counting objects:  98% (75/76)   Counting objects: 100% (76/76)   Counting objects: 100% (76/76), done.
Delta compression using up to 8 threads
Compressing objects:   2% (1/37)   Compressing objects:   5% (2/37)   Compressing objects:   8% (3/37)   Compressing objects:  10% (4/37)   Compressing objects:  13% (5/37)   Compressing objects:  16% (6/37)   Compressing objects:  18% (7/37)   Compressing objects:  21% (8/37)   Compressing objects:  24% (9/37)   Compressing objects:  27% (10/37)   Compressing objects:  29% (11/37)   Compressing objects:  32% (12/37)   Compressing objects:  35% (13/37)   Compressing objects:  37% (14/37)   Compressing objects:  40% (15/37)   Compressing objects:  43% (16/37)   Compressing objects:  45% (17/37)   Compressing objects:  48% (18/37)   Compressing objects:  51% (19/37)   Compressing objects:  54% (20/37)   Compressing objects:  56% (21/37)   Compressing objects:  59% (22/37)   Compressing objects:  62% (23/37)   Compressing objects:  64% (24/37)   Compressing objects:  67% (25/37)   Compressing objects:  70% (26/37)   Compressing objects:  72% (27/37)   Compressing objects:  75% (28/37)   Compressing objects:  78% (29/37)   Compressing objects:  81% (30/37)   Compressing objects:  83% (31/37)   Compressing objects:  86% (32/37)   Compressing objects:  89% (33/37)   Compressing objects:  91% (34/37)   Compressing objects:  94% (35/37)   Compressing objects:  97% (36/37)   Compressing objects: 100% (37/37)   Compressing objects: 100% (37/37), done.
Writing objects:   2% (1/46)   Writing objects:   4% (2/46)   Writing objects:   6% (3/46)   Writing objects:   8% (4/46)   Writing objects:  10% (5/46)   Writing objects:  13% (6/46)   Writing objects:  15% (7/46)   Writing objects:  17% (8/46)   Writing objects:  19% (9/46)   Writing objects:  21% (10/46)   Writing objects:  23% (11/46)   Writing objects:  26% (12/46)   Writing objects:  28% (13/46)   Writing objects:  30% (14/46)   Writing objects:  32% (15/46)   Writing objects:  34% (16/46)   Writing objects:  36% (17/46)   Writing objects:  39% (18/46)   Writing objects:  41% (19/46)   Writing objects:  43% (20/46)   Writing objects:  45% (21/46)   Writing objects:  47% (22/46)   Writing objects:  50% (23/46)   Writing objects:  52% (24/46)   Writing objects:  56% (26/46)   Writing objects:  58% (27/46)   Writing objects:  60% (28/46), 1.30 MiB | 2.40 MiB/s   Writing objects:  60% (28/46), 1.92 MiB | 1.27 MiB/s   Writing objects:  60% (28/46), 2.54 MiB | 1.02 MiB/s   Writing objects:  63% (29/46), 2.54 MiB | 1.02 MiB/s   Writing objects:  65% (30/46), 2.54 MiB | 1.02 MiB/s   Writing objects:  67% (31/46), 2.54 MiB | 1.02 MiB/s   Writing objects:  69% (32/46), 2.54 MiB | 1.02 MiB/s   Writing objects:  71% (33/46), 2.54 MiB | 1.02 MiB/s   Writing objects:  73% (34/46), 2.54 MiB | 1.02 MiB/s   Writing objects:  76% (35/46), 2.54 MiB | 1.02 MiB/s   Writing objects:  78% (36/46), 2.54 MiB | 1.02 MiB/s   Writing objects:  80% (37/46), 2.54 MiB | 1.02 MiB/s   Writing objects:  82% (38/46), 2.54 MiB | 1.02 MiB/s   Writing objects:  84% (39/46), 2.54 MiB | 1.02 MiB/s   Writing objects:  86% (40/46), 2.54 MiB | 1.02 MiB/s   Writing objects:  89% (41/46), 2.54 MiB | 1.02 MiB/s   Writing objects:  91% (42/46), 2.54 MiB | 1.02 MiB/s   Writing objects:  93% (43/46), 2.54 MiB | 1.02 MiB/s   Writing objects:  95% (44/46), 2.54 MiB | 1.02 MiB/s   Writing objects:  97% (45/46), 2.54 MiB | 1.02 MiB/s   Writing objects: 100% (46/46), 2.54 MiB | 1.02 MiB/s   Writing objects: 100% (46/46), 2.66 MiB | 1.02 MiB/s, done.
Total 46 (delta 19), reused 0 (delta 0)
remote: Resolving deltas:   0% (0/19)   [Kremote: Resolving deltas:   5% (1/19)   [Kremote: Resolving deltas:  10% (2/19)   [Kremote: Resolving deltas:  21% (4/19)   [Kremote: Resolving deltas:  31% (6/19)   [Kremote: Resolving deltas:  36% (7/19)   [Kremote: Resolving deltas:  47% (9/19)   [Kremote: Resolving deltas:  52% (10/19)   [Kremote: Resolving deltas:  57% (11/19)   [Kremote: Resolving deltas:  68% (13/19)   [Kremote: Resolving deltas:  78% (15/19)   [Kremote: Resolving deltas:  89% (17/19)   [Kremote: Resolving deltas: 100% (19/19)   [Kremote: Resolving deltas: 100% (19/19), completed with 10 local objects.[K
To github.com:thecbp/P8160_optimization_project.git
   01149bf..a65e60c  master -> master
]0;~/Documents/columbia/S2019/Computing/project/Optimization[?1034hChristians-MacBook-Pro-2:Optimization christianpascual$ git stt[Katus
On branch master
Your branch is up to date with 'origin/master'.

Changes not staged for commit:
  (use "git add <file>..." to update what will be committed)
  (use "git checkout -- <file>..." to discard changes in working directory)

	[31mmodified:   .Rhistory[m
	[31mmodified:   .Rproj.user/F2A0B8DA/console06/294E80A7[m
	[31mmodified:   .Rproj.user/F2A0B8DA/console06/INDEX001[m
	[31mmodified:   .Rproj.user/F2A0B8DA/pcs/source-pane.pper[m
	[31mmodified:   .Rproj.user/F2A0B8DA/pcs/windowlayoutstate.pper[m
	[31mmodified:   .Rproj.user/F2A0B8DA/pcs/workbench-pane.pper[m
	[31mmodified:   .Rproj.user/F2A0B8DA/sources/prop/FE8A1599[m
	[31mmodified:   .Rproj.user/F2A0B8DA/sources/prop/INDEX[m
	[31mmodified:   .Rproj.user/shared/notebooks/paths[m

Untracked files:
  (use "git add <file>..." to include in what will be committed)

	[31mUntitled.Rmd[m

no changes added to commit (use "git add" and/or "git commit -a")
]0;~/Documents/columbia/S2019/Computing/project/OptimizationChristians-MacBook-Pro-2:Optimization christianpascual$ git pull
Enter passphrase for key '/Users/christianpascual/.ssh/id_rsa': 
remote: Enumerating objects: 7, done.[K
remote: Counting objects:  14% (1/7)   [Kremote: Counting objects:  28% (2/7)   [Kremote: Counting objects:  42% (3/7)   [Kremote: Counting objects:  57% (4/7)   [Kremote: Counting objects:  71% (5/7)   [Kremote: Counting objects:  85% (6/7)   [Kremote: Counting objects: 100% (7/7)   [Kremote: Counting objects: 100% (7/7), done.[K
remote: Compressing objects:  50% (1/2)   [Kremote: Compressing objects: 100% (2/2)   [Kremote: Compressing objects: 100% (2/2), done.[K
Unpacking objects:  25% (1/4)   Unpacking objects:  50% (2/4)   Unpacking objects:  75% (3/4)   remote: Total 4 (delta 2), reused 4 (delta 2), pack-reused 0[K
Unpacking objects: 100% (4/4)   Unpacking objects: 100% (4/4), done.
From github.com:thecbp/P8160_optimization_project
   a65e60c..cb8a860  master     -> origin/master
Updating a65e60c..cb8a860
Fast-forward
 question_2.Rmd |  65 [32m++++++++++++++++++++++++++++++++++++++++[m[31m-------------------------[m
 question_2.pdf | Bin [31m177151[m -> [32m172519[m bytes
 2 files changed, 40 insertions(+), 25 deletions(-)
]0;~/Documents/columbia/S2019/Computing/project/OptimizationChristians-MacBook-Pro-2:Optimization christianpascual$ git add .
]0;~/Documents/columbia/S2019/Computing/project/OptimizationChristians-MacBook-Pro-2:Optimization christianpascual$ git commit -m "Added test file to look at good ful l model from the data"
[master 079e4cd] Added test file to look at good full model from the data
 11 files changed, 627 insertions(+), 528 deletions(-)
 rewrite .Rhistory (93%)
 rewrite .Rproj.user/F2A0B8DA/console06/INDEX001 (87%)
 create mode 100644 Untitled.Rmd
]0;~/Documents/columbia/S2019/Computing/project/OptimizationChristians-MacBook-Pro-2:Optimization christianpascual$ git push
Enter passphrase for key '/Users/christianpascual/.ssh/id_rsa': 
Enumerating objects: 40, done.
Counting objects:   2% (1/40)   Counting objects:   5% (2/40)   Counting objects:   7% (3/40)   Counting objects:  10% (4/40)   Counting objects:  12% (5/40)   Counting objects:  15% (6/40)   Counting objects:  17% (7/40)   Counting objects:  20% (8/40)   Counting objects:  22% (9/40)   Counting objects:  25% (10/40)   Counting objects:  27% (11/40)   Counting objects:  30% (12/40)   Counting objects:  32% (13/40)   Counting objects:  35% (14/40)   Counting objects:  37% (15/40)   Counting objects:  40% (16/40)   Counting objects:  42% (17/40)   Counting objects:  45% (18/40)   Counting objects:  47% (19/40)   Counting objects:  50% (20/40)   Counting objects:  52% (21/40)   Counting objects:  55% (22/40)   Counting objects:  57% (23/40)   Counting objects:  60% (24/40)   Counting objects:  62% (25/40)   Counting objects:  65% (26/40)   Counting objects:  67% (27/40)   Counting objects:  70% (28/40)   Counting objects:  72% (29/40)   Counting objects:  75% (30/40)   Counting objects:  77% (31/40)   Counting objects:  80% (32/40)   Counting objects:  82% (33/40)   Counting objects:  85% (34/40)   Counting objects:  87% (35/40)   Counting objects:  90% (36/40)   Counting objects:  92% (37/40)   Counting objects:  95% (38/40)   Counting objects:  97% (39/40)   Counting objects: 100% (40/40)   Counting objects: 100% (40/40), done.
Delta compression using up to 8 threads
Compressing objects:   5% (1/19)   Compressing objects:  10% (2/19)   Compressing objects:  15% (3/19)   Compressing objects:  21% (4/19)   Compressing objects:  26% (5/19)   Compressing objects:  31% (6/19)   Compressing objects:  36% (7/19)   Compressing objects:  42% (8/19)   Compressing objects:  47% (9/19)   Compressing objects:  52% (10/19)   Compressing objects:  57% (11/19)   Compressing objects:  63% (12/19)   Compressing objects:  68% (13/19)   Compressing objects:  73% (14/19)   Compressing objects:  78% (15/19)   Compressing objects:  84% (16/19)   Compressing objects:  89% (17/19)   Compressing objects:  94% (18/19)   Compressing objects: 100% (19/19)   Compressing objects: 100% (19/19), done.
Writing objects:   4% (1/21)   Writing objects:   9% (2/21)   Writing objects:  14% (3/21)   Writing objects:  19% (4/21)   Writing objects:  23% (5/21)   Writing objects:  28% (6/21)   Writing objects:  33% (7/21)   Writing objects:  38% (8/21)   Writing objects:  42% (9/21)   Writing objects:  47% (10/21)   Writing objects:  52% (11/21)   Writing objects:  57% (12/21)   Writing objects:  61% (13/21)   Writing objects:  66% (14/21)   Writing objects:  71% (15/21)   Writing objects:  76% (16/21)   Writing objects:  80% (17/21)   Writing objects:  85% (18/21)   Writing objects:  90% (19/21)   Writing objects:  95% (20/21)   Writing objects: 100% (21/21)   Writing objects: 100% (21/21), 4.36 KiB | 638.00 KiB/s, done.
Total 21 (delta 9), reused 0 (delta 0)
remote: Resolving deltas:   0% (0/9)   [Kremote: Resolving deltas:  11% (1/9)   [Kremote: Resolving deltas:  22% (2/9)   [Kremote: Resolving deltas:  33% (3/9)   [Kremote: Resolving deltas:  44% (4/9)   [Kremote: Resolving deltas:  55% (5/9)   [Kremote: Resolving deltas:  66% (6/9)   [Kremote: Resolving deltas:  77% (7/9)   [Kremote: Resolving deltas:  88% (8/9)   [Kremote: Resolving deltas: 100% (9/9)   [Kremote: Resolving deltas: 100% (9/9), completed with 8 local objects.[K
To github.com:thecbp/P8160_optimization_project.git
   cb8a860..079e4cd  master -> master
]0;~/Documents/columbia/S2019/Computing/project/OptimizationChristians-MacBook-Pro-2:Optimization christianpascual$ gt[Kit status
On branch master
Your branch is up to date with 'origin/master'.

Changes not staged for commit:
  (use "git add <file>..." to update what will be committed)
  (use "git checkout -- <file>..." to discard changes in working directory)

	[31mmodified:   .Rproj.user/F2A0B8DA/console06/294E80A7[m
	[31mmodified:   .Rproj.user/F2A0B8DA/sources/prop/FE8A1599[m

no changes added to commit (use "git add" and/or "git commit -a")
]0;~/Documents/columbia/S2019/Computing/project/OptimizationChristians-MacBook-Pro-2:Optimization christianpascual$ git pull
Enter passphrase for key '/Users/christianpascual/.ssh/id_rsa': 
Already up to date.
]0;~/Documents/columbia/S2019/Computing/project/Optimization[?1034hChristians-MacBook-Pro-2:Optimization christianpascual$ [KChristians-MacBook-Pro-2:Optimization christianpascual$ gist[K [K[Kt status
On branch master
Your branch is up to date with 'origin/master'.

Changes not staged for commit:
  (use "git add <file>..." to update what will be committed)
  (use "git checkout -- <file>..." to discard changes in working directory)

	[31mmodified:   .Rhistory[m
	[31mmodified:   .Rproj.user/F2A0B8DA/console06/294E80A7[m
	[31mmodified:   .Rproj.user/F2A0B8DA/console06/INDEX001[m
	[31mmodified:   .Rproj.user/F2A0B8DA/pcs/source-pane.pper[m
	[31mmodified:   .Rproj.user/F2A0B8DA/pcs/windowlayoutstate.pper[m
	[31mmodified:   .Rproj.user/F2A0B8DA/sources/prop/FE8A1599[m
	[31mmodified:   .Rproj.user/F2A0B8DA/sources/prop/INDEX[m
	[31mmodified:   .Rproj.user/shared/notebooks/D081DE1B-logistic-lasso/1/s/chunks.json[m
	[31mmodified:   .Rproj.user/shared/notebooks/paths[m
	[31mmodified:   logistic-lasso.Rmd[m
	[31mmodified:   question_2.Rmd[m

Untracked files:
  (use "git add <file>..." to include in what will be committed)

	[31mreport-prep.Rmd[m
	[31mtest.Rmd[m

no changes added to commit (use "git add" and/or "git commit -a")
]0;~/Documents/columbia/S2019/Computing/project/OptimizationChristians-MacBook-Pro-2:Optimization christianpascual$ git a[Kpull
Enter passphrase for key '/Users/christianpascual/.ssh/id_rsa': 
remote: Enumerating objects: 17, done.[K
remote: Counting objects:   5% (1/17)   [Kremote: Counting objects:  11% (2/17)   [Kremote: Counting objects:  17% (3/17)   [Kremote: Counting objects:  23% (4/17)   [Kremote: Counting objects:  29% (5/17)   [Kremote: Counting objects:  35% (6/17)   [Kremote: Counting objects:  41% (7/17)   [Kremote: Counting objects:  47% (8/17)   [Kremote: Counting objects:  52% (9/17)   [Kremote: Counting objects:  58% (10/17)   [Kremote: Counting objects:  64% (11/17)   [Kremote: Counting objects:  70% (12/17)   [Kremote: Counting objects:  76% (13/17)   [Kremote: Counting objects:  82% (14/17)   [Kremote: Counting objects:  88% (15/17)   [Kremote: Counting objects:  94% (16/17)   [Kremote: Counting objects: 100% (17/17)   [Kremote: Counting objects: 100% (17/17), done.[K
remote: Compressing objects:  25% (1/4)   [Kremote: Compressing objects:  50% (2/4)   [Kremote: Compressing objects:  75% (3/4)   [Kremote: Compressing objects: 100% (4/4)   [Kremote: Compressing objects: 100% (4/4), done.[K
Unpacking objects:  11% (1/9)   Unpacking objects:  22% (2/9)   Unpacking objects:  33% (3/9)   Unpacking objects:  44% (4/9)   Unpacking objects:  55% (5/9)   Unpacking objects:  66% (6/9)   Unpacking objects:  77% (7/9)   Unpacking objects:  88% (8/9)   remote: Total 9 (delta 4), reused 9 (delta 4), pack-reused 0[K
Unpacking objects: 100% (9/9)   Unpacking objects: 100% (9/9), done.
From github.com:thecbp/P8160_optimization_project
   079e4cd..5959985  master     -> origin/master
Updating 079e4cd..5959985
error: Your local changes to the following files would be overwritten by merge:
	.Rhistory
	.Rproj.user/shared/notebooks/paths
	question_2.Rmd
Please commit your changes or stash them before you merge.
Aborting
]0;~/Documents/columbia/S2019/Computing/project/OptimizationChristians-MacBook-Pro-2:Optimization christianpascual$ git status
On branch master
Your branch is behind 'origin/master' by 1 commit, and can be fast-forwarded.
  (use "git pull" to update your local branch)

Changes not staged for commit:
  (use "git add <file>..." to update what will be committed)
  (use "git checkout -- <file>..." to discard changes in working directory)

	[31mmodified:   .Rhistory[m
	[31mmodified:   .Rproj.user/F2A0B8DA/console06/294E80A7[m
	[31mmodified:   .Rproj.user/F2A0B8DA/console06/294E80A7.env[m
	[31mmodified:   .Rproj.user/F2A0B8DA/console06/INDEX001[m
	[31mmodified:   .Rproj.user/F2A0B8DA/pcs/source-pane.pper[m
	[31mmodified:   .Rproj.user/F2A0B8DA/pcs/windowlayoutstate.pper[m
	[31mmodified:   .Rproj.user/F2A0B8DA/sources/prop/FE8A1599[m
	[31mmodified:   .Rproj.user/F2A0B8DA/sources/prop/INDEX[m
	[31mmodified:   .Rproj.user/shared/notebooks/D081DE1B-logistic-lasso/1/s/chunks.json[m
	[31mmodified:   .Rproj.user/shared/notebooks/paths[m
	[31mmodified:   logistic-lasso.Rmd[m
	[31mmodified:   question_2.Rmd[m

Untracked files:
  (use "git add <file>..." to include in what will be committed)

	[31mreport-prep.Rmd[m
	[31mtest.Rmd[m

no changes added to commit (use "git add" and/or "git commit -a")
]0;~/Documents/columbia/S2019/Computing/project/OptimizationChristians-MacBook-Pro-2:Optimization christianpascual$ git add. [K[K[K[K[K[K[K[K[Kgit status
On branch master
Your branch is behind 'origin/master' by 1 commit, and can be fast-forwarded.
  (use "git pull" to update your local branch)

Changes not staged for commit:
  (use "git add <file>..." to update what will be committed)
  (use "git checkout -- <file>..." to discard changes in working directory)

	[31mmodified:   .Rhistory[m
	[31mmodified:   .Rproj.user/F2A0B8DA/console06/294E80A7[m
	[31mmodified:   .Rproj.user/F2A0B8DA/console06/294E80A7.env[m
	[31mmodified:   .Rproj.user/F2A0B8DA/console06/INDEX001[m
	[31mmodified:   .Rproj.user/F2A0B8DA/pcs/source-pane.pper[m
	[31mmodified:   .Rproj.user/F2A0B8DA/pcs/windowlayoutstate.pper[m
	[31mmodified:   .Rproj.user/F2A0B8DA/sources/prop/FE8A1599[m
	[31mmodified:   .Rproj.user/F2A0B8DA/sources/prop/INDEX[m
	[31mmodified:   .Rproj.user/shared/notebooks/D081DE1B-logistic-lasso/1/s/chunks.json[m
	[31mmodified:   .Rproj.user/shared/notebooks/paths[m
	[31mmodified:   logistic-lasso.Rmd[m
	[31mmodified:   question_2.Rmd[m

Untracked files:
  (use "git add <file>..." to include in what will be committed)

	[31mreport-prep.Rmd[m

no changes added to commit (use "git add" and/or "git commit -a")
]0;~/Documents/columbia/S2019/Computing/project/OptimizationChristians-MacBook-Pro-2:Optimization christianpascual$ git add .
]0;~/Documents/columbia/S2019/Computing/project/OptimizationChristians-MacBook-Pro-2:Optimization christianpascual$ git pull
Enter passphrase for key '/Users/christianpascual/.ssh/id_rsa': 
Updating 079e4cd..5959985
error: Your local changes to the following files would be overwritten by merge:
	.Rhistory
	.Rproj.user/shared/notebooks/paths
	question_2.Rmd
Please commit your changes or stash them before you merge.
Aborting
]0;~/Documents/columbia/S2019/Computing/project/OptimizationChristians-MacBook-Pro-2:Optimization christianpascual$ git add .
]0;~/Documents/columbia/S2019/Computing/project/OptimizationChristians-MacBook-Pro-2:Optimization christianpascual$ git commit-[K -m "Added compili[Kation code"
[master 7df75d2] Added compilation code
 13 files changed, 1095 insertions(+), 564 deletions(-)
 rewrite .Rhistory (99%)
 rewrite .Rproj.user/F2A0B8DA/console06/INDEX001 (87%)
 create mode 100644 report-prep.Rmd
]0;~/Documents/columbia/S2019/Computing/project/OptimizationChristians-MacBook-Pro-2:Optimization christianpascual$ git push
Enter passphrase for key '/Users/christianpascual/.ssh/id_rsa': 
To github.com:thecbp/P8160_optimization_project.git
 [31m! [rejected]       [m master -> master (non-fast-forward)
[31merror: failed to push some refs to 'git@github.com:thecbp/P8160_optimization_project.git'
[m[33mhint: Updates were rejected because the tip of your current branch is behind[m
[33mhint: its remote counterpart. Integrate the remote changes (e.g.[m
[33mhint: 'git pull ...') before pushing again.[m
[33mhint: See the 'Note about fast-forwards' in 'git push --help' for details.[m
]0;~/Documents/columbia/S2019/Computing/project/OptimizationChristians-MacBook-Pro-2:Optimization christianpascual$ git pull
Enter passphrase for key '/Users/christianpascual/.ssh/id_rsa': 
Auto-merging question_2.Rmd
CONFLICT (content): Merge conflict in question_2.Rmd
Auto-merging .Rproj.user/shared/notebooks/paths
CONFLICT (content): Merge conflict in .Rproj.user/shared/notebooks/paths
Auto-merging .Rhistory
CONFLICT (content): Merge conflict in .Rhistory
Automatic merge failed; fix conflicts and then commit the result.
]0;~/Documents/columbia/S2019/Computing/project/OptimizationChristians-MacBook-Pro-2:Optimization christianpascual$ it[K[Kgit merge ap[Kbo[K[K[K--abort
]0;~/Documents/columbia/S2019/Computing/project/OptimizationChristians-MacBook-Pro-2:Optimization christianpascual$ git pull
Enter passphrase for key '/Users/christianpascual/.ssh/id_rsa': 
Auto-merging question_2.Rmd
CONFLICT (content): Merge conflict in question_2.Rmd
Auto-merging .Rproj.user/shared/notebooks/paths
CONFLICT (content): Merge conflict in .Rproj.user/shared/notebooks/paths
Auto-merging .Rhistory
CONFLICT (content): Merge conflict in .Rhistory
Automatic merge failed; fix conflicts and then commit the result.
]0;~/Documents/columbia/S2019/Computing/project/OptimizationChristians-MacBook-Pro-2:Optimization christianpascual$ git status
On branch master
Your branch and 'origin/master' have diverged,
and have 1 and 1 different commits each, respectively.
  (use "git pull" to merge the remote branch into yours)

You have unmerged paths.
  (fix conflicts and run "git commit")
  (use "git merge --abort" to abort the merge)

Changes to be committed:

	[32mmodified:   question_2.pdf[m

Unmerged paths:
  (use "git add <file>..." to mark resolution)

	[31mboth modified:   .Rhistory[m
	[31mboth modified:   .Rproj.user/shared/notebooks/paths[m
	[31mboth modified:   question_2.Rmd[m

Changes not staged for commit:
  (use "git add <file>..." to update what will be committed)
  (use "git checkout -- <file>..." to discard changes in working directory)

	[31mmodified:   .Rproj.user/F2A0B8DA/console06/294E80A7[m
	[31mmodified:   .Rproj.user/F2A0B8DA/sources/prop/INDEX[m

]0;~/Documents/columbia/S2019/Computing/project/OptimizationChristians-MacBook-Pro-2:Optimization christianpascual$ git add . [K[K[K[K[K[K[K[K[K[Kgit add .Rshi[K[K[Khistory
]0;~/Documents/columbia/S2019/Computing/project/OptimizationChristians-MacBook-Pro-2:Optimization christianpascual$ git add .Rproj.user/shared/notebooks/paths
]0;~/Documents/columbia/S2019/Computing/project/OptimizationChristians-MacBook-Pro-2:Optimization christianpascual$ git add question2.[K[K_3.Rmd
fatal: pathspec 'question_3.Rmd' did not match any files
]0;~/Documents/columbia/S2019/Computing/project/OptimizationChristians-MacBook-Pro-2:Optimization christianpascual$ git add question_3.Rmd[1P.Rmd2.Rmd
]0;~/Documents/columbia/S2019/Computing/project/OptimizationChristians-MacBook-Pro-2:Optimization christianpascual$ git status
On branch master
Your branch and 'origin/master' have diverged,
and have 1 and 1 different commits each, respectively.
  (use "git pull" to merge the remote branch into yours)

All conflicts fixed but you are still merging.
  (use "git commit" to conclude merge)

Changes to be committed:

	[32mmodified:   .Rhistory[m
	[32mmodified:   .Rproj.user/shared/notebooks/paths[m
	[32mmodified:   question_2.Rmd[m
	[32mmodified:   question_2.pdf[m

Changes not staged for commit:
  (use "git add <file>..." to update what will be committed)
  (use "git checkout -- <file>..." to discard changes in working directory)

	[31mmodified:   .Rproj.user/F2A0B8DA/console06/294E80A7[m
	[31mmodified:   .Rproj.user/F2A0B8DA/sources/prop/INDEX[m

]0;~/Documents/columbia/S2019/Computing/project/OptimizationChristians-MacBook-Pro-2:Optimization christianpascual$ git add .
]0;~/Documents/columbia/S2019/Computing/project/OptimizationChristians-MacBook-Pro-2:Optimization christianpascual$ git commit -m "Added compla[K[Kilation code"
[master 6b76a42] Added compilation code
]0;~/Documents/columbia/S2019/Computing/project/OptimizationChristians-MacBook-Pro-2:Optimization christianpascual$ git push
Enter passphrase for key '/Users/christianpascual/.ssh/id_rsa': 
Enumerating objects: 88, done.
Counting objects:   1% (1/71)   Counting objects:   2% (2/71)   Counting objects:   4% (3/71)   Counting objects:   5% (4/71)   Counting objects:   7% (5/71)   Counting objects:   8% (6/71)   Counting objects:   9% (7/71)   Counting objects:  11% (8/71)   Counting objects:  12% (9/71)   Counting objects:  14% (10/71)   Counting objects:  15% (11/71)   Counting objects:  16% (12/71)   Counting objects:  18% (13/71)   Counting objects:  19% (14/71)   Counting objects:  21% (15/71)   Counting objects:  22% (16/71)   Counting objects:  23% (17/71)   Counting objects:  25% (18/71)   Counting objects:  26% (19/71)   Counting objects:  28% (20/71)   Counting objects:  29% (21/71)   Counting objects:  30% (22/71)   Counting objects:  32% (23/71)   Counting objects:  33% (24/71)   Counting objects:  35% (25/71)   Counting objects:  36% (26/71)   Counting objects:  38% (27/71)   Counting objects:  39% (28/71)   Counting objects:  40% (29/71)   Counting objects:  42% (30/71)   Counting objects:  43% (31/71)   Counting objects:  45% (32/71)   Counting objects:  46% (33/71)   Counting objects:  47% (34/71)   Counting objects:  49% (35/71)   Counting objects:  50% (36/71)   Counting objects:  52% (37/71)   Counting objects:  53% (38/71)   Counting objects:  54% (39/71)   Counting objects:  56% (40/71)   Counting objects:  57% (41/71)   Counting objects:  59% (42/71)   Counting objects:  60% (43/71)   Counting objects:  61% (44/71)   Counting objects:  63% (45/71)   Counting objects:  64% (46/71)   Counting objects:  66% (47/71)   Counting objects:  67% (48/71)   Counting objects:  69% (49/71)   Counting objects:  70% (50/71)   Counting objects:  71% (51/71)   Counting objects:  73% (52/71)   Counting objects:  74% (53/71)   Counting objects:  76% (54/71)   Counting objects:  77% (55/71)   Counting objects:  78% (56/71)   Counting objects:  80% (57/71)   Counting objects:  81% (58/71)   Counting objects:  83% (59/71)   Counting objects:  84% (60/71)   Counting objects:  85% (61/71)   Counting objects:  87% (62/71)   Counting objects:  88% (63/71)   Counting objects:  90% (64/71)   Counting objects:  91% (65/71)   Counting objects:  92% (66/71)   Counting objects:  94% (67/71)   Counting objects:  95% (68/71)   Counting objects:  97% (69/71)   Counting objects:  98% (70/71)   Counting objects: 100% (71/71)   Counting objects: 100% (71/71), done.
Delta compression using up to 8 threads
Compressing objects:   2% (1/34)   Compressing objects:   5% (2/34)   Compressing objects:   8% (3/34)   Compressing objects:  11% (4/34)   Compressing objects:  14% (5/34)   Compressing objects:  17% (6/34)   Compressing objects:  20% (7/34)   Compressing objects:  23% (8/34)   Compressing objects:  26% (9/34)   Compressing objects:  29% (10/34)   Compressing objects:  32% (11/34)   Compressing objects:  35% (12/34)   Compressing objects:  38% (13/34)   Compressing objects:  41% (14/34)   Compressing objects:  44% (15/34)   Compressing objects:  47% (16/34)   Compressing objects:  50% (17/34)   Compressing objects:  52% (18/34)   Compressing objects:  55% (19/34)   Compressing objects:  58% (20/34)   Compressing objects:  61% (21/34)   Compressing objects:  64% (22/34)   Compressing objects:  67% (23/34)   Compressing objects:  70% (24/34)   Compressing objects:  73% (25/34)   Compressing objects:  76% (26/34)   Compressing objects:  79% (27/34)   Compressing objects:  82% (28/34)   Compressing objects:  85% (29/34)   Compressing objects:  88% (30/34)   Compressing objects:  91% (31/34)   Compressing objects:  94% (32/34)   Compressing objects:  97% (33/34)   Compressing objects: 100% (34/34)   Compressing objects: 100% (34/34), done.
Writing objects:   2% (1/40)   Writing objects:   5% (2/40)   Writing objects:   7% (3/40)   Writing objects:  10% (4/40)   Writing objects:  12% (5/40)   Writing objects:  15% (6/40)   Writing objects:  17% (7/40)   Writing objects:  20% (8/40)   Writing objects:  22% (9/40)   Writing objects:  25% (10/40)   Writing objects:  27% (11/40)   Writing objects:  30% (12/40)   Writing objects:  32% (13/40)   Writing objects:  35% (14/40)   Writing objects:  37% (15/40)   Writing objects:  40% (16/40)   Writing objects:  42% (17/40)   Writing objects:  45% (18/40)   Writing objects:  47% (19/40)   Writing objects:  50% (20/40)   Writing objects:  52% (21/40)   Writing objects:  55% (22/40)   Writing objects:  57% (23/40)   Writing objects:  60% (24/40)   Writing objects:  62% (25/40)   Writing objects:  65% (26/40)   Writing objects:  67% (27/40)   Writing objects:  70% (28/40)   Writing objects:  72% (29/40)   Writing objects:  75% (30/40)   Writing objects:  77% (31/40)   Writing objects:  80% (32/40)   Writing objects:  82% (33/40)   Writing objects:  85% (34/40)   Writing objects:  87% (35/40)   Writing objects:  90% (36/40)   Writing objects:  92% (37/40)   Writing objects:  95% (38/40)   Writing objects:  97% (39/40)   Writing objects: 100% (40/40)   Writing objects: 100% (40/40), 12.47 KiB | 260.00 KiB/s, done.
Total 40 (delta 22), reused 0 (delta 0)
remote: Resolving deltas:   0% (0/22)   [Kremote: Resolving deltas:   4% (1/22)   [Kremote: Resolving deltas:   9% (2/22)   [Kremote: Resolving deltas:  18% (4/22)   [Kremote: Resolving deltas:  27% (6/22)   [Kremote: Resolving deltas:  36% (8/22)   [Kremote: Resolving deltas:  40% (9/22)   [Kremote: Resolving deltas:  45% (10/22)   [Kremote: Resolving deltas:  50% (11/22)   [Kremote: Resolving deltas:  54% (12/22)   [Kremote: Resolving deltas:  63% (14/22)   [Kremote: Resolving deltas:  72% (16/22)   [Kremote: Resolving deltas:  77% (17/22)   [Kremote: Resolving deltas:  86% (19/22)   [Kremote: Resolving deltas:  90% (20/22)   [Kremote: Resolving deltas: 100% (22/22)   [Kremote: Resolving deltas: 100% (22/22), completed with 13 local objects.[K
To github.com:thecbp/P8160_optimization_project.git
   5959985..6b76a42  master -> master
]0;~/Documents/columbia/S2019/Computing/project/Optimization[?1034hChristians-MacBook-Pro-2:Optimization christianpascual$ [KChristians-MacBook-Pro-2:Optimization christianpascual$ git status
On branch master
Your branch is up to date with 'origin/master'.

Changes not staged for commit:
  (use "git add/rm <file>..." to update what will be committed)
  (use "git checkout -- <file>..." to discard changes in working directory)

	[31mmodified:   .Rproj.user/F2A0B8DA/console06/294E80A7[m
	[31mmodified:   .Rproj.user/F2A0B8DA/console06/INDEX001[m
	[31mmodified:   .Rproj.user/F2A0B8DA/pcs/source-pane.pper[m
	[31mmodified:   .Rproj.user/F2A0B8DA/sources/prop/INDEX[m
	[31mmodified:   .Rproj.user/shared/notebooks/paths[m
	[31mdeleted:    Untitled.Rmd[m
	[31mmodified:   report-prep.Rmd[m

Untracked files:
  (use "git add <file>..." to include in what will be committed)

	[31mfinal_report.pdf[m
	[31mreport-prep.pdf[m

no changes added to commit (use "git add" and/or "git commit -a")
]0;~/Documents/columbia/S2019/Computing/project/OptimizationChristians-MacBook-Pro-2:Optimization christianpascual$ git add .