]0;~/Documents/columbia/S2019/Computing/project/Optimization[?1034hChristians-MacBook-Pro-2:Optimization christianpascual$ git status
On branch master
Your branch is up to date with 'origin/master'.

Changes not staged for commit:
  (use "git add/rm <file>..." to update what will be committed)
  (use "git checkout -- <file>..." to discard changes in working directory)

	[31mmodified:   .Rproj.user/F2A0B8DA/console06/INDEX001[m
	[31mmodified:   .Rproj.user/F2A0B8DA/sources/prop/INDEX[m
	[31mdeleted:    .Rproj.user/F2A0B8DA/sources/s-797CBE40/4EF907E7[m
	[31mmodified:   .Rproj.user/shared/notebooks/paths[m

Untracked files:
  (use "git add <file>..." to include in what will be committed)

	[31m.Rproj.user/F2A0B8DA/console06/294E80A7[m
	[31m.Rproj.user/F2A0B8DA/sources/prop/FE8A1599[m
	[31m.Rproj.user/F2A0B8DA/sources/s-797CBE40/7275362B[m
	[31m.Rproj.user/F2A0B8DA/sources/s-797CBE40/7275362B-contents[m
	[31m.Rproj.user/F2A0B8DA/sources/s-797CBE40/C66A2B07-contents[m
	[31m.Rproj.user/F2A0B8DA/sources/s-797CBE40/E321444[m
	[31m.Rproj.user/F2A0B8DA/sources/s-797CBE40/E321444-contents[m
	[31m.Rproj.user/shared/notebooks/D081DE1B-logistic-lasso/[m
	[31mlogistic-lasso.Rmd[m

no changes added to commit (use "git add" and/or "git commit -a")
]0;~/Documents/columbia/S2019/Computing/project/OptimizationChristians-MacBook-Pro-2:Optimization christianpascual$ git pull
Enter passphrase for key '/Users/christianpascual/.ssh/id_rsa': 
remote: Enumerating objects: 5, done.[K
remote: Counting objects:  20% (1/5)   [Kremote: Counting objects:  40% (2/5)   [Kremote: Counting objects:  60% (3/5)   [Kremote: Counting objects:  80% (4/5)   [Kremote: Counting objects: 100% (5/5)   [Kremote: Counting objects: 100% (5/5), done.[K
remote: Compressing objects: 100% (1/1)   [Kremote: Compressing objects: 100% (1/1), done.[K
remote: Total 3 (delta 2), reused 3 (delta 2), pack-reused 0[K
Unpacking objects:  33% (1/3)   Unpacking objects:  66% (2/3)   Unpacking objects: 100% (3/3)   Unpacking objects: 100% (3/3), done.
From github.com:thecbp/P8160_optimization_project
   f4defd0..38b775c  master     -> origin/master
Updating f4defd0..38b775c
Fast-forward
 Group Project 2.Rmd | 4 [32m+++[m[31m-[m
 1 file changed, 3 insertions(+), 1 deletion(-)
]0;~/Documents/columbia/S2019/Computing/project/OptimizationChristians-MacBook-Pro-2:Optimization christianpascual$ git add .
]0;~/Documents/columbia/S2019/Computing/project/OptimizationChristians-MacBook-Pro-2:Optimization christianpascual$ git commit -m "Added standadrd[K[K[Krdization code  for AS[K[KLASS[K[K[K[Kbreast cancer data"
[master 798ddbe] Added standardization code for breast cancer data
 17 files changed, 338 insertions(+), 24 deletions(-)
 create mode 100644 .Rproj.user/F2A0B8DA/console06/294E80A7
 create mode 100644 .Rproj.user/F2A0B8DA/console06/294E80A7.env
 rewrite .Rproj.user/F2A0B8DA/console06/INDEX001 (100%)
 create mode 100644 .Rproj.user/F2A0B8DA/sources/prop/FE8A1599
 delete mode 100644 .Rproj.user/F2A0B8DA/sources/s-797CBE40/4EF907E7
 create mode 100644 .Rproj.user/F2A0B8DA/sources/s-797CBE40/7275362B
 create mode 100644 .Rproj.user/F2A0B8DA/sources/s-797CBE40/7275362B-contents
 create mode 100644 .Rproj.user/F2A0B8DA/sources/s-797CBE40/C66A2B07-contents
 create mode 100644 .Rproj.user/F2A0B8DA/sources/s-797CBE40/E321444
 create mode 100644 .Rproj.user/F2A0B8DA/sources/s-797CBE40/E321444-contents
 create mode 100644 .Rproj.user/shared/notebooks/D081DE1B-logistic-lasso/1/F2A0B8DA797CBE40/chunks.json
 create mode 100644 .Rproj.user/shared/notebooks/D081DE1B-logistic-lasso/1/s/chunks.json
 create mode 100644 .Rproj.user/shared/notebooks/D081DE1B-logistic-lasso/1/s/cktxx7qggq0tt/000004.csv
 create mode 100644 .Rproj.user/shared/notebooks/D081DE1B-logistic-lasso/1/s/csibsgvzhnbw9/000002.csv
 create mode 100644 logistic-lasso.Rmd
]0;~/Documents/columbia/S2019/Computing/project/OptimizationChristians-MacBook-Pro-2:Optimization christianpascual$ git push
Enter passphrase for key '/Users/christianpascual/.ssh/id_rsa': 
Enumerating objects: 40, done.
Counting objects:   2% (1/40)   Counting objects:   5% (2/40)   Counting objects:   7% (3/40)   Counting objects:  10% (4/40)   Counting objects:  12% (5/40)   Counting objects:  15% (6/40)   Counting objects:  17% (7/40)   Counting objects:  20% (8/40)   Counting objects:  22% (9/40)   Counting objects:  25% (10/40)   Counting objects:  27% (11/40)   Counting objects:  30% (12/40)   Counting objects:  32% (13/40)   Counting objects:  35% (14/40)   Counting objects:  37% (15/40)   Counting objects:  40% (16/40)   Counting objects:  42% (17/40)   Counting objects:  45% (18/40)   Counting objects:  47% (19/40)   Counting objects:  50% (20/40)   Counting objects:  52% (21/40)   Counting objects:  55% (22/40)   Counting objects:  57% (23/40)   Counting objects:  60% (24/40)   Counting objects:  62% (25/40)   Counting objects:  65% (26/40)   Counting objects:  67% (27/40)   Counting objects:  70% (28/40)   Counting objects:  72% (29/40)   Counting objects:  75% (30/40)   Counting objects:  77% (31/40)   Counting objects:  80% (32/40)   Counting objects:  82% (33/40)   Counting objects:  85% (34/40)   Counting objects:  87% (35/40)   Counting objects:  90% (36/40)   Counting objects:  92% (37/40)   Counting objects:  95% (38/40)   Counting objects:  97% (39/40)   Counting objects: 100% (40/40)   Counting objects: 100% (40/40), done.
Delta compression using up to 8 threads
Compressing objects:   4% (1/23)   Compressing objects:   8% (2/23)   Compressing objects:  13% (3/23)   Compressing objects:  17% (4/23)   Compressing objects:  21% (5/23)   Compressing objects:  26% (6/23)   Compressing objects:  30% (7/23)   Compressing objects:  34% (8/23)   Compressing objects:  39% (9/23)   Compressing objects:  43% (10/23)   Compressing objects:  47% (11/23)   Compressing objects:  52% (12/23)   Compressing objects:  56% (13/23)   Compressing objects:  60% (14/23)   Compressing objects:  65% (15/23)   Compressing objects:  69% (16/23)   Compressing objects:  73% (17/23)   Compressing objects:  78% (18/23)   Compressing objects:  82% (19/23)   Compressing objects:  86% (20/23)   Compressing objects:  91% (21/23)   Compressing objects:  95% (22/23)   Compressing objects: 100% (23/23)   Compressing objects: 100% (23/23), done.
Writing objects:   3% (1/28)   Writing objects:   7% (2/28)   Writing objects:  10% (3/28)   Writing objects:  14% (4/28)   Writing objects:  17% (5/28)   Writing objects:  21% (6/28)   Writing objects:  25% (7/28)   Writing objects:  28% (8/28)   Writing objects:  32% (9/28)   Writing objects:  35% (10/28)   Writing objects:  39% (11/28)   Writing objects:  42% (12/28)   Writing objects:  46% (13/28)   Writing objects:  50% (14/28)   Writing objects:  53% (15/28)   Writing objects:  57% (16/28)   Writing objects:  60% (17/28)   Writing objects:  64% (18/28)   Writing objects:  67% (19/28)   Writing objects:  71% (20/28)   Writing objects:  75% (21/28)   Writing objects:  78% (22/28)   Writing objects:  82% (23/28)   Writing objects:  85% (24/28)   Writing objects:  89% (25/28)   Writing objects:  92% (26/28)   Writing objects:  96% (27/28)   Writing objects: 100% (28/28)   Writing objects: 100% (28/28), 6.31 KiB | 119.00 KiB/s, done.
Total 28 (delta 2), reused 0 (delta 0)
remote: Resolving deltas:   0% (0/2)   [Kremote: Resolving deltas:  50% (1/2)   [Kremote: Resolving deltas: 100% (2/2)   [Kremote: Resolving deltas: 100% (2/2), completed with 2 local objects.[K
To github.com:thecbp/P8160_optimization_project.git
   38b775c..798ddbe  master -> master
]0;~/Documents/columbia/S2019/Computing/project/Optimization[?1034hChristians-MacBook-Pro-2:Optimization christianpascual$ git status
On branch master
Your branch is up to date with 'origin/master'.

Changes not staged for commit:
  (use "git add/rm <file>..." to update what will be committed)
  (use "git checkout -- <file>..." to discard changes in working directory)

	[31mmodified:   .Rhistory[m
	[31mmodified:   .Rproj.user/F2A0B8DA/console06/294E80A7[m
	[31mmodified:   .Rproj.user/F2A0B8DA/console06/INDEX001[m
	[31mmodified:   .Rproj.user/F2A0B8DA/pcs/windowlayoutstate.pper[m
	[31mmodified:   .Rproj.user/F2A0B8DA/sources/prop/FE8A1599[m
	[31mdeleted:    .Rproj.user/F2A0B8DA/sources/s-797CBE40/4EF907E7-contents[m
	[31mdeleted:    .Rproj.user/F2A0B8DA/sources/s-797CBE40/7275362B[m
	[31mdeleted:    .Rproj.user/F2A0B8DA/sources/s-797CBE40/7275362B-contents[m
	[31mdeleted:    .Rproj.user/F2A0B8DA/sources/s-797CBE40/C66A2B07-contents[m
	[31mdeleted:    .Rproj.user/F2A0B8DA/sources/s-797CBE40/E321444[m
	[31mdeleted:    .Rproj.user/F2A0B8DA/sources/s-797CBE40/E321444-contents[m
	[31mdeleted:    .Rproj.user/F2A0B8DA/sources/s-797CBE40/lock_file[m
	[31mmodified:   .Rproj.user/shared/notebooks/D081DE1B-logistic-lasso/1/F2A0B8DA797CBE40/chunks.json[m
	[31mmodified:   .Rproj.user/shared/notebooks/D081DE1B-logistic-lasso/1/s/chunks.json[m
	[31mdeleted:    .Rproj.user/shared/notebooks/D081DE1B-logistic-lasso/1/s/cktxx7qggq0tt/000004.csv[m
	[31mdeleted:    .Rproj.user/shared/notebooks/D081DE1B-logistic-lasso/1/s/csibsgvzhnbw9/000002.csv[m
	[31mmodified:   logistic-lasso.Rmd[m

Untracked files:
  (use "git add <file>..." to include in what will be committed)

	[31m.gitignore[m
	[31mlogistic-lasso.html[m

no changes added to commit (use "git add" and/or "git commit -a")
]0;~/Documents/columbia/S2019/Computing/project/OptimizationChristians-MacBook-Pro-2:Optimization christianpascual$ git add.[K .
]0;~/Documents/columbia/S2019/Computing/project/OptimizationChristians-MacBook-Pro-2:Optimization christianpascual$ git pull
Enter passphrase for key '/Users/christianpascual/.ssh/id_rsa': 
Already up to date.
]0;~/Documents/columbia/S2019/Computing/project/OptimizationChristians-MacBook-Pro-2:Optimization christianpascual$ CBPhy[K[K[K[K[Kgit comit[K[Kmit -am ""I"m"p"l"e"m"e"n"t"e"d" "f"i"r"s"t" [A[C[C[C[C[C[C[C[C[C[C[C[C[C[C[C[C[C[C[C[C[C[C[C[C[C[C[C[C[C[C[C[C[C[C[C[C[C[C[C[C[C[C[C[C[C[C[C[C[C[C[C[C[C[C[C[C[C[C[C[C[C[C[C[C[C[C[C[C[C[C[C[C[C[C[C[C[C[C[C[C[C[C[C[C[C[C[C[C ""v"e"r"s"i"o"n" "o"f" "L"o"g"i"s"t"i"c" "L"A"S"S"O" "[1P" "w"i"t"h" "C"D"
[master d1f40ab] Implemented first version of Logistic LASSO with CD
 20 files changed, 526 insertions(+), 332 deletions(-)
 rewrite .Rproj.user/F2A0B8DA/console06/INDEX001 (87%)
 delete mode 100644 .Rproj.user/F2A0B8DA/sources/s-797CBE40/4EF907E7-contents
 delete mode 100644 .Rproj.user/F2A0B8DA/sources/s-797CBE40/7275362B
 delete mode 100644 .Rproj.user/F2A0B8DA/sources/s-797CBE40/7275362B-contents
 delete mode 100644 .Rproj.user/F2A0B8DA/sources/s-797CBE40/C66A2B07-contents
 delete mode 100644 .Rproj.user/F2A0B8DA/sources/s-797CBE40/E321444
 delete mode 100644 .Rproj.user/F2A0B8DA/sources/s-797CBE40/E321444-contents
 delete mode 100644 .Rproj.user/F2A0B8DA/sources/s-797CBE40/lock_file
 rewrite .Rproj.user/shared/notebooks/D081DE1B-logistic-lasso/1/s/chunks.json (100%)
 delete mode 100644 .Rproj.user/shared/notebooks/D081DE1B-logistic-lasso/1/s/cktxx7qggq0tt/000004.csv
 delete mode 100644 .Rproj.user/shared/notebooks/D081DE1B-logistic-lasso/1/s/csibsgvzhnbw9/000002.csv
 create mode 100644 .gitignore
 create mode 100644 logistic-lasso.html
]0;~/Documents/columbia/S2019/Computing/project/OptimizationChristians-MacBook-Pro-2:Optimization christianpascual$ git push
Enter passphrase for key '/Users/christianpascual/.ssh/id_rsa': 
Enumerating objects: 47, done.
Counting objects:   2% (1/46)   Counting objects:   4% (2/46)   Counting objects:   6% (3/46)   Counting objects:   8% (4/46)   Counting objects:  10% (5/46)   Counting objects:  13% (6/46)   Counting objects:  15% (7/46)   Counting objects:  17% (8/46)   Counting objects:  19% (9/46)   Counting objects:  21% (10/46)   Counting objects:  23% (11/46)   Counting objects:  26% (12/46)   Counting objects:  28% (13/46)   Counting objects:  30% (14/46)   Counting objects:  32% (15/46)   Counting objects:  34% (16/46)   Counting objects:  36% (17/46)   Counting objects:  39% (18/46)   Counting objects:  41% (19/46)   Counting objects:  43% (20/46)   Counting objects:  45% (21/46)   Counting objects:  47% (22/46)   Counting objects:  50% (23/46)   Counting objects:  52% (24/46)   Counting objects:  54% (25/46)   Counting objects:  56% (26/46)   Counting objects:  58% (27/46)   Counting objects:  60% (28/46)   Counting objects:  63% (29/46)   Counting objects:  65% (30/46)   Counting objects:  67% (31/46)   Counting objects:  69% (32/46)   Counting objects:  71% (33/46)   Counting objects:  73% (34/46)   Counting objects:  76% (35/46)   Counting objects:  78% (36/46)   Counting objects:  80% (37/46)   Counting objects:  82% (38/46)   Counting objects:  84% (39/46)   Counting objects:  86% (40/46)   Counting objects:  89% (41/46)   Counting objects:  91% (42/46)   Counting objects:  93% (43/46)   Counting objects:  95% (44/46)   Counting objects:  97% (45/46)   Counting objects: 100% (46/46)   Counting objects: 100% (46/46), done.
Delta compression using up to 8 threads
Compressing objects:   5% (1/19)   Compressing objects:  10% (2/19)   Compressing objects:  15% (3/19)   Compressing objects:  21% (4/19)   Compressing objects:  26% (5/19)   Compressing objects:  31% (6/19)   Compressing objects:  36% (7/19)   Compressing objects:  42% (8/19)   Compressing objects:  47% (9/19)   Compressing objects:  52% (10/19)   Compressing objects:  57% (11/19)   Compressing objects:  63% (12/19)   Compressing objects:  68% (13/19)   Compressing objects:  73% (14/19)   Compressing objects:  78% (15/19)   Compressing objects:  84% (16/19)   Compressing objects:  89% (17/19)   Compressing objects:  94% (18/19)   Compressing objects: 100% (19/19)   Compressing objects: 100% (19/19), done.
Writing objects:   4% (1/25)   Writing objects:   8% (2/25)   Writing objects:  12% (3/25)   Writing objects:  16% (4/25)   Writing objects:  20% (5/25)   Writing objects:  24% (6/25)   Writing objects:  28% (7/25)   Writing objects:  32% (8/25)   Writing objects:  36% (9/25)   Writing objects:  40% (10/25)   Writing objects:  44% (11/25)   Writing objects:  48% (12/25)   Writing objects:  52% (13/25)   Writing objects:  56% (14/25)   Writing objects:  60% (15/25)   Writing objects:  64% (16/25)   Writing objects:  68% (17/25)   Writing objects:  72% (18/25)   Writing objects:  76% (19/25)   Writing objects:  80% (20/25)   Writing objects:  84% (21/25)   Writing objects:  88% (22/25)   Writing objects:  92% (23/25)   Writing objects:  96% (24/25)   Writing objects: 100% (25/25)   Writing objects: 100% (25/25), 242.91 KiB | 6.39 MiB/s, done.
Total 25 (delta 7), reused 0 (delta 0)
remote: Resolving deltas:   0% (0/7)   [Kremote: Resolving deltas:  14% (1/7)   [Kremote: Resolving deltas:  28% (2/7)   [Kremote: Resolving deltas:  42% (3/7)   [Kremote: Resolving deltas:  57% (4/7)   [Kremote: Resolving deltas:  71% (5/7)   [Kremote: Resolving deltas:  85% (6/7)   [Kremote: Resolving deltas: 100% (7/7)   [Kremote: Resolving deltas: 100% (7/7), completed with 7 local objects.[K
To github.com:thecbp/P8160_optimization_project.git
   798ddbe..d1f40ab  master -> master
]0;~/Documents/columbia/S2019/Computing/project/OptimizationChristians-MacBook-Pro-2:Optimization christianpascual$ [KChristians-MacBook-Pro-2:Optimization christianpascual$ git status
On branch master
Your branch is up to date with 'origin/master'.

Changes not staged for commit:
  (use "git add <file>..." to update what will be committed)
  (use "git checkout -- <file>..." to discard changes in working directory)

	[31mmodified:   .Rproj.user/F2A0B8DA/console06/294E80A7[m
	[31mmodified:   .Rproj.user/F2A0B8DA/console06/INDEX001[m
	[31mmodified:   .Rproj.user/F2A0B8DA/sources/prop/FE8A1599[m
	[31mmodified:   .Rproj.user/shared/notebooks/D081DE1B-logistic-lasso/1/s/chunks.json[m
	[31mmodified:   logistic-lasso.Rmd[m

no changes added to commit (use "git add" and/or "git commit -a")
]0;~/Documents/columbia/S2019/Computing/project/OptimizationChristians-MacBook-Pro-2:Optimization christianpascual$ git commit -am "Added quick cisuali[K[K[K[K[K[K[Kvisualization of c oefficients vs lambda"
[master 2239675] Added quick visualization of coefficients vs lambda
 5 files changed, 75 insertions(+), 23 deletions(-)
 rewrite .Rproj.user/F2A0B8DA/console06/INDEX001 (74%)
]0;~/Documents/columbia/S2019/Computing/project/OptimizationChristians-MacBook-Pro-2:Optimization christianpascual$ git push
Enter passphrase for key '/Users/christianpascual/.ssh/id_rsa': 
Enumerating objects: 33, done.
Counting objects:   3% (1/33)   Counting objects:   6% (2/33)   Counting objects:   9% (3/33)   Counting objects:  12% (4/33)   Counting objects:  15% (5/33)   Counting objects:  18% (6/33)   Counting objects:  21% (7/33)   Counting objects:  24% (8/33)   Counting objects:  27% (9/33)   Counting objects:  30% (10/33)   Counting objects:  33% (11/33)   Counting objects:  36% (12/33)   Counting objects:  39% (13/33)   Counting objects:  42% (14/33)   Counting objects:  45% (15/33)   Counting objects:  48% (16/33)   Counting objects:  51% (17/33)   Counting objects:  54% (18/33)   Counting objects:  57% (19/33)   Counting objects:  60% (20/33)   Counting objects:  63% (21/33)   Counting objects:  66% (22/33)   Counting objects:  69% (23/33)   Counting objects:  72% (24/33)   Counting objects:  75% (25/33)   Counting objects:  78% (26/33)   Counting objects:  81% (27/33)   Counting objects:  84% (28/33)   Counting objects:  87% (29/33)   Counting objects:  90% (30/33)   Counting objects:  93% (31/33)   Counting objects:  96% (32/33)   Counting objects: 100% (33/33)   Counting objects: 100% (33/33), done.
Delta compression using up to 8 threads
Compressing objects:   7% (1/13)   Compressing objects:  15% (2/13)   Compressing objects:  23% (3/13)   Compressing objects:  30% (4/13)   Compressing objects:  38% (5/13)   Compressing objects:  46% (6/13)   Compressing objects:  53% (7/13)   Compressing objects:  61% (8/13)   Compressing objects:  69% (9/13)   Compressing objects:  76% (10/13)   Compressing objects:  84% (11/13)   Compressing objects:  92% (12/13)   Compressing objects: 100% (13/13)   Compressing objects: 100% (13/13), done.
Writing objects:   5% (1/17)   Writing objects:  11% (2/17)   Writing objects:  17% (3/17)   Writing objects:  23% (4/17)   Writing objects:  29% (5/17)   Writing objects:  35% (6/17)   Writing objects:  41% (7/17)   Writing objects:  47% (8/17)   Writing objects:  52% (9/17)   Writing objects:  58% (10/17)   Writing objects:  64% (11/17)   Writing objects:  70% (12/17)   Writing objects:  76% (13/17)   Writing objects:  82% (14/17)   Writing objects:  88% (15/17)   Writing objects:  94% (16/17)   Writing objects: 100% (17/17)   Writing objects: 100% (17/17), 2.73 KiB | 55.00 KiB/s, done.
Total 17 (delta 8), reused 0 (delta 0)
remote: Resolving deltas:   0% (0/8)   [Kremote: Resolving deltas:  12% (1/8)   [Kremote: Resolving deltas:  25% (2/8)   [Kremote: Resolving deltas:  37% (3/8)   [Kremote: Resolving deltas:  50% (4/8)   [Kremote: Resolving deltas:  62% (5/8)   [Kremote: Resolving deltas:  75% (6/8)   [Kremote: Resolving deltas:  87% (7/8)   [Kremote: Resolving deltas: 100% (8/8)   [Kremote: Resolving deltas: 100% (8/8), completed with 8 local objects.[K
To github.com:thecbp/P8160_optimization_project.git
   d1f40ab..2239675  master -> master
]0;~/Documents/columbia/S2019/Computing/project/Optimization[?1034hChristians-MacBook-Pro-2:Optimization christianpascual$ git status
On branch master
Your branch is up to date with 'origin/master'.

Changes not staged for commit:
  (use "git add <file>..." to update what will be committed)
  (use "git checkout -- <file>..." to discard changes in working directory)

	[31mmodified:   .Rhistory[m
	[31mmodified:   .Rproj.user/F2A0B8DA/console06/294E80A7[m
	[31mmodified:   .Rproj.user/F2A0B8DA/console06/INDEX001[m
	[31mmodified:   .Rproj.user/F2A0B8DA/pcs/windowlayoutstate.pper[m
	[31mmodified:   .Rproj.user/F2A0B8DA/rmd-outputs[m
	[31mmodified:   .Rproj.user/F2A0B8DA/sources/prop/FE8A1599[m
	[31mmodified:   .Rproj.user/F2A0B8DA/sources/prop/INDEX[m
	[31mmodified:   .Rproj.user/shared/notebooks/D081DE1B-logistic-lasso/1/s/chunks.json[m
	[31mmodified:   .Rproj.user/shared/notebooks/paths[m
	[31mmodified:   logistic-lasso.Rmd[m

no changes added to commit (use "git add" and/or "git commit -a")
]0;~/Documents/columbia/S2019/Computing/project/OptimizationChristians-MacBook-Pro-2:Optimization christianpascual$ git pull
Enter passphrase for key '/Users/christianpascual/.ssh/id_rsa': 
Already up to date.
]0;~/Documents/columbia/S2019/Computing/project/OptimizationChristians-MacBook-Pro-2:Optimization christianpascual$ git commit -am "Fixed the algorithm[K[K[K[K[K[K[K[K[KLogistic LASSO bu t [K[Kg that made all[K[K[K90% of the covariates go to zero[1P[1@5[1@;[1@9[1@C[1P[1P[1P[C[C[C[C[C[C[C[C[C[C[C[C[C[C[C[C[C[C[C[C[C[C[C[C[C[C[C[C[C[C"
[master d6a908b] Fixed the Logistic LASSO bug that made 95% of the covariates go to zero
 11 files changed, 601 insertions(+), 91 deletions(-)
 rewrite .Rhistory (98%)
 rewrite .Rproj.user/F2A0B8DA/console06/INDEX001 (100%)
]0;~/Documents/columbia/S2019/Computing/project/OptimizationChristians-MacBook-Pro-2:Optimization christianpascual$ gt[Kit push
Enter passphrase for key '/Users/christianpascual/.ssh/id_rsa': 
Enumerating objects: 47, done.
Counting objects:   2% (1/47)   Counting objects:   4% (2/47)   Counting objects:   6% (3/47)   Counting objects:   8% (4/47)   Counting objects:  10% (5/47)   Counting objects:  12% (6/47)   Counting objects:  14% (7/47)   Counting objects:  17% (8/47)   Counting objects:  19% (9/47)   Counting objects:  21% (10/47)   Counting objects:  23% (11/47)   Counting objects:  25% (12/47)   Counting objects:  27% (13/47)   Counting objects:  29% (14/47)   Counting objects:  31% (15/47)   Counting objects:  34% (16/47)   Counting objects:  36% (17/47)   Counting objects:  38% (18/47)   Counting objects:  40% (19/47)   Counting objects:  42% (20/47)   Counting objects:  44% (21/47)   Counting objects:  46% (22/47)   Counting objects:  48% (23/47)   Counting objects:  51% (24/47)   Counting objects:  53% (25/47)   Counting objects:  55% (26/47)   Counting objects:  57% (27/47)   Counting objects:  59% (28/47)   Counting objects:  61% (29/47)   Counting objects:  63% (30/47)   Counting objects:  65% (31/47)   Counting objects:  68% (32/47)   Counting objects:  70% (33/47)   Counting objects:  72% (34/47)   Counting objects:  74% (35/47)   Counting objects:  76% (36/47)   Counting objects:  78% (37/47)   Counting objects:  80% (38/47)   Counting objects:  82% (39/47)   Counting objects:  85% (40/47)   Counting objects:  87% (41/47)   Counting objects:  89% (42/47)   Counting objects:  91% (43/47)   Counting objects:  93% (44/47)   Counting objects:  95% (45/47)   Counting objects:  97% (46/47)   Counting objects: 100% (47/47)   Counting objects: 100% (47/47), done.
Delta compression using up to 8 threads
Compressing objects:   5% (1/20)   Compressing objects:  10% (2/20)   Compressing objects:  15% (3/20)   Compressing objects:  20% (4/20)   Compressing objects:  25% (5/20)   Compressing objects:  30% (6/20)   Compressing objects:  35% (7/20)   Compressing objects:  40% (8/20)   Compressing objects:  45% (9/20)   Compressing objects:  50% (10/20)   Compressing objects:  55% (11/20)   Compressing objects:  60% (12/20)   Compressing objects:  65% (13/20)   Compressing objects:  70% (14/20)   Compressing objects:  75% (15/20)   Compressing objects:  80% (16/20)   Compressing objects:  85% (17/20)   Compressing objects:  90% (18/20)   Compressing objects:  95% (19/20)   Compressing objects: 100% (20/20)   Compressing objects: 100% (20/20), done.
Writing objects:   4% (1/24)   Writing objects:   8% (2/24)   Writing objects:  12% (3/24)   Writing objects:  16% (4/24)   Writing objects:  20% (5/24)   Writing objects:  25% (6/24)   Writing objects:  29% (7/24)   Writing objects:  33% (8/24)   Writing objects:  37% (9/24)   Writing objects:  41% (10/24)   Writing objects:  45% (11/24)   Writing objects:  50% (12/24)   Writing objects:  54% (13/24)   Writing objects:  58% (14/24)   Writing objects:  62% (15/24)   Writing objects:  66% (16/24)   Writing objects:  70% (17/24)   Writing objects:  75% (18/24)   Writing objects:  79% (19/24)   Writing objects:  83% (20/24)   Writing objects:  87% (21/24)   Writing objects:  91% (22/24)   Writing objects:  95% (23/24)   Writing objects: 100% (24/24)   Writing objects: 100% (24/24), 5.20 KiB | 98.00 KiB/s, done.
Total 24 (delta 11), reused 0 (delta 0)
remote: Resolving deltas:   0% (0/11)   [Kremote: Resolving deltas:   9% (1/11)   [Kremote: Resolving deltas:  18% (2/11)   [Kremote: Resolving deltas:  27% (3/11)   [Kremote: Resolving deltas:  36% (4/11)   [Kremote: Resolving deltas:  45% (5/11)   [Kremote: Resolving deltas:  54% (6/11)   [Kremote: Resolving deltas:  63% (7/11)   [Kremote: Resolving deltas:  72% (8/11)   [Kremote: Resolving deltas:  81% (9/11)   [Kremote: Resolving deltas:  90% (10/11)   [Kremote: Resolving deltas: 100% (11/11)   [Kremote: Resolving deltas: 100% (11/11), completed with 11 local objects.[K
To github.com:thecbp/P8160_optimization_project.git
   2239675..d6a908b  master -> master
]0;~/Documents/columbia/S2019/Computing/project/OptimizationChristians-MacBook-Pro-2:Optimization christianpascual$ [KChristians-MacBook-Pro-2:Optimization christianpascual$ [KChristians-MacBook-Pro-2:Optimization christianpascual$ [KChristians-MacBook-Pro-2:Optimization christianpascual$ [KChristians-MacBook-Pro-2:Optimization christianpascual$ git status
On branch master
Your branch is up to date with 'origin/master'.

Changes not staged for commit:
  (use "git add <file>..." to update what will be committed)
  (use "git checkout -- <file>..." to discard changes in working directory)

	[31mmodified:   .Rproj.user/F2A0B8DA/console06/294E80A7[m
	[31mmodified:   .Rproj.user/F2A0B8DA/console06/INDEX001[m
	[31mmodified:   .Rproj.user/F2A0B8DA/sources/prop/FE8A1599[m
	[31mmodified:   .Rproj.user/F2A0B8DA/sources/prop/INDEX[m
	[31mmodified:   .Rproj.user/shared/notebooks/D081DE1B-logistic-lasso/1/s/chunks.json[m
	[31mmodified:   .Rproj.user/shared/notebooks/paths[m
	[31mmodified:   logistic-lasso.Rmd[m

no changes added to commit (use "git add" and/or "git commit -a")
]0;~/Documents/columbia/S2019/Computing/project/OptimizationChristians-MacBook-Pro-2:Optimization christianpascual$ git commit[K[K[K[K[K[Kcommit -am "Added in algr[Korithm for 5-fl[Kold cros[K[K[K[KCV; n eed t [K[K[K[K[K[K[A[C[C[C[C[C[C[C[C[C[C[C[C[C[C[C[C[C[C[C[C[C[C[C[C[C[C[C[C[C[C[C[C[C[C[C[C[C[C[C[C[C[C[C[C[C[C[C[C[C[C[C[C[C[C[C[C[C[C[C[C[C[C[C[C[C[C[C[C[C[C[C[C[C[C[C[C[C[C[C[C[C[C[C[C[C[C[C[C[C[C[C[C[C[C[C[C[C[C[C[C[C[C[C[C[C[C[K
[K[A[C[C[C[C[C[C[C[C[C[C[C[C[C[C[C[C[C[C[C[C[C[C[C[C[C[C[C[C[C[C[C[C[C[C[C[C[C[C[C[C[C[C[C[C[C[C[C[C[C[C[C[C[C[C[C[C[C[C[C[C[C[C[C[C[C[C[C[C[C[C[C[C[C[C[C[C[C[C[C[C[C[C[C[C[C[C[C[C[C[C[C[C[C[C[C[C[C[C[C[C[C[C[C[C[C[C[K[K[KV"